Archive member included to satisfy reference by file (symbol)

app/libapp.a(main.c.obj)      (--whole-archive)
zephyr/libzephyr.a(validate_libc.c.obj)
                              (--whole-archive)
zephyr/libzephyr.a(heap.c.obj)
                              (--whole-archive)
zephyr/libzephyr.a(cbprintf_packaged.c.obj)
                              (--whole-archive)
zephyr/libzephyr.a(clock.c.obj)
                              (--whole-archive)
zephyr/libzephyr.a(printk.c.obj)
                              (--whole-archive)
zephyr/libzephyr.a(sem.c.obj)
                              (--whole-archive)
zephyr/libzephyr.a(thread_entry.c.obj)
                              (--whole-archive)
zephyr/libzephyr.a(cbprintf_complete.c.obj)
                              (--whole-archive)
zephyr/libzephyr.a(assert.c.obj)
                              (--whole-archive)
zephyr/libzephyr.a(mpsc_pbuf.c.obj)
                              (--whole-archive)
zephyr/libzephyr.a(dec.c.obj)
                              (--whole-archive)
zephyr/libzephyr.a(hex.c.obj)
                              (--whole-archive)
zephyr/libzephyr.a(rb.c.obj)  (--whole-archive)
zephyr/libzephyr.a(timeutil.c.obj)
                              (--whole-archive)
zephyr/libzephyr.a(bitarray.c.obj)
                              (--whole-archive)
zephyr/libzephyr.a(bitmask.c.obj)
                              (--whole-archive)
zephyr/libzephyr.a(onoff.c.obj)
                              (--whole-archive)
zephyr/libzephyr.a(notify.c.obj)
                              (--whole-archive)
zephyr/libzephyr.a(ring_buffer.c.obj)
                              (--whole-archive)
zephyr/libzephyr.a(last_section_id.c.obj)
                              (--whole-archive)
zephyr/libzephyr.a(configs.c.obj)
                              (--whole-archive)
zephyr/libzephyr.a(log_core.c.obj)
                              (--whole-archive)
zephyr/libzephyr.a(log_mgmt.c.obj)
                              (--whole-archive)
zephyr/libzephyr.a(log_cache.c.obj)
                              (--whole-archive)
zephyr/libzephyr.a(log_msg.c.obj)
                              (--whole-archive)
zephyr/libzephyr.a(log_output.c.obj)
                              (--whole-archive)
zephyr/libzephyr.a(log_backend_uart.c.obj)
                              (--whole-archive)
zephyr/libzephyr.a(mem_attr.c.obj)
                              (--whole-archive)
zephyr/libzephyr.a(device.c.obj)
                              (--whole-archive)
zephyr/libzephyr.a(device_system_managed.c.obj)
                              (--whole-archive)
zephyr/libzephyr.a(tracing_none.c.obj)
                              (--whole-archive)
zephyr/libzephyr.a(banner.c.obj)
                              (--whole-archive)
zephyr/libzephyr.a(flash_map_partition_manager.c.obj)
                              (--whole-archive)
zephyr/arch/common/libarch__common.a(sw_isr_common.c.obj)
                              (--whole-archive)
zephyr/arch/common/libarch__common.a(init.c.obj)
                              (--whole-archive)
zephyr/arch/common/libarch__common.a(xip.c.obj)
                              (--whole-archive)
zephyr/arch/arch/arm/core/libarch__arm__core.a(fatal.c.obj)
                              (--whole-archive)
zephyr/arch/arch/arm/core/libarch__arm__core.a(nmi.c.obj)
                              (--whole-archive)
zephyr/arch/arch/arm/core/libarch__arm__core.a(nmi_on_reset.S.obj)
                              (--whole-archive)
zephyr/arch/arch/arm/core/libarch__arm__core.a(tls.c.obj)
                              (--whole-archive)
zephyr/arch/arch/arm/core/cortex_m/libarch__arm__core__cortex_m.a(exc_exit.c.obj)
                              (--whole-archive)
zephyr/arch/arch/arm/core/cortex_m/libarch__arm__core__cortex_m.a(fault.c.obj)
                              (--whole-archive)
zephyr/arch/arch/arm/core/cortex_m/libarch__arm__core__cortex_m.a(fault_s.S.obj)
                              (--whole-archive)
zephyr/arch/arch/arm/core/cortex_m/libarch__arm__core__cortex_m.a(fpu.c.obj)
                              (--whole-archive)
zephyr/arch/arch/arm/core/cortex_m/libarch__arm__core__cortex_m.a(reset.S.obj)
                              (--whole-archive)
zephyr/arch/arch/arm/core/cortex_m/libarch__arm__core__cortex_m.a(scb.c.obj)
                              (--whole-archive)
zephyr/arch/arch/arm/core/cortex_m/libarch__arm__core__cortex_m.a(thread_abort.c.obj)
                              (--whole-archive)
zephyr/arch/arch/arm/core/cortex_m/libarch__arm__core__cortex_m.a(vector_table.S.obj)
                              (--whole-archive)
zephyr/arch/arch/arm/core/cortex_m/libarch__arm__core__cortex_m.a(swap_helper.S.obj)
                              (--whole-archive)
zephyr/arch/arch/arm/core/cortex_m/libarch__arm__core__cortex_m.a(irq_manage.c.obj)
                              (--whole-archive)
zephyr/arch/arch/arm/core/cortex_m/libarch__arm__core__cortex_m.a(prep_c.c.obj)
[...]
Memory Configuration

Name             Origin             Length             Attributes
FLASH            0x0000000000000000 0x0000000000165000 xr
RAM              0x0000000020000000 0x000000000002f000 xw
IDT_LIST         0x00000000ffff7fff 0x0000000000008000 xw
*default*        0x0000000000000000 0xffffffffffffffff

Linker script and memory map

                0x0000000000007890                vfprintf = __l_vfprintf
                0x0000000000000000                vfscanf = __l_vfscanf
LOAD zephyr/CMakeFiles/zephyr_final.dir/misc/empty_file.c.obj
LOAD zephyr/CMakeFiles/zephyr_final.dir/isr_tables.c.obj
LOAD zephyr/CMakeFiles/offsets.dir/./arch/arm/core/offsets/offsets.c.obj
LOAD app/libapp.a
LOAD zephyr/libzephyr.a
LOAD zephyr/arch/common/libarch__common.a
LOAD zephyr/arch/arch/arm/core/libarch__arm__core.a
LOAD zephyr/arch/arch/arm/core/cortex_m/libarch__arm__core__cortex_m.a
LOAD zephyr/arch/arch/arm/core/cortex_m/cmse/libarch__arm__core__cortex_m__cmse.a
LOAD zephyr/arch/arch/arm/core/mpu/libarch__arm__core__mpu.a
LOAD zephyr/lib/libc/picolibc/liblib__libc__picolibc.a
LOAD zephyr/lib/libc/common/liblib__libc__common.a
LOAD zephyr/soc/soc/nrf54l15/libsoc__nordic.a
LOAD zephyr/drivers/cache/libdrivers__cache.a
LOAD zephyr/drivers/clock_control/libdrivers__clock_control.a
LOAD zephyr/drivers/console/libdrivers__console.a
LOAD zephyr/drivers/gpio/libdrivers__gpio.a
LOAD zephyr/drivers/led_strip/libdrivers__led_strip.a
LOAD zephyr/drivers/pinctrl/libdrivers__pinctrl.a
LOAD zephyr/drivers/regulator/libdrivers__regulator.a
LOAD zephyr/drivers/serial/libdrivers__serial.a
LOAD zephyr/drivers/spi/libdrivers__spi.a
LOAD zephyr/drivers/timer/libdrivers__timer.a
LOAD modules/nrf/subsys/nrf_security/src/zephyr/libmbedtls_zephyr.a
LOAD modules/hal_nordic/modules/hal_nordic/nrfx/libmodules__hal_nordic__nrfx.a
LOAD zephyr/kernel/libkernel.a
LOAD modules/nrf/subsys/nrf_security/src/libmbedcrypto.a
LOAD modules/nrf/subsys/nrf_security/src/core/nrf_oberon/libpsa_core.a
LOAD modules/nrf/subsys/nrf_security/src/drivers/cracen/libcracen_psa_driver.a
LOAD modules/nrf/subsys/nrf_security/src/libmbedcrypto_base.a
LOAD modules/nrf/subsys/nrf_security/src/libnrf_security_utils.a
LOAD zephyr/kernel/libkernel.a
LOAD zephyr/arch/common/libisr_tables.a
LOAD c:\ncs\toolchains\c1a76fddb2\opt\zephyr-sdk\arm-zephyr-eabi\bin\../lib/gcc/../../picolibc/arm-zephyr-eabi/lib/thumb/v8-m.main/nofp\libc.a
LOAD c:/ncs/toolchains/c1a76fddb2/opt/zephyr-sdk/arm-zephyr-eabi/bin/../lib/gcc/arm-zephyr-eabi/12.2.0/thumb/v8-m.main/nofp\libgcc.a
                0x0000000000000020                _region_min_align = 0x20

.rel.plt        0x0000000000000000        0x0
 *(SORT_BY_ALIGNMENT(.rel.plt))
                [!provide]                        PROVIDE (__rel_iplt_start = .)
 *(SORT_BY_ALIGNMENT(.rel.iplt))
 .rel.iplt      0x0000000000000000        0x0 zephyr/CMakeFiles/zephyr_final.dir/isr_tables.c.obj
                [!provide]                        PROVIDE (__rel_iplt_end = .)

.rela.plt       0x0000000000000000        0x0
 *(SORT_BY_ALIGNMENT(.rela.plt))
                [!provide]                        PROVIDE (__rela_iplt_start = .)
 *(SORT_BY_ALIGNMENT(.rela.iplt))
                [!provide]                        PROVIDE (__rela_iplt_end = .)

.rel.dyn
 *(SORT_BY_ALIGNMENT(.rel.*))

.rela.dyn
 *(SORT_BY_ALIGNMENT(.rela.*))

/DISCARD/
 *(SORT_BY_ALIGNMENT(.plt))

/DISCARD/
 *(SORT_BY_ALIGNMENT(.iplt))
                0x0000000000000000                __rom_region_start = 0x0

rom_start       0x0000000000000000      0x47c
                0x0000000000000000                __rom_start_address = .
 FILL mask 0x00
                0x0000000000000000                . = (. + (0x0 - (. - __rom_start_address)))
                0x0000000000000000                . = ALIGN (0x4)
                0x0000000000000000                . = ALIGN (0x80)
                0x0000000000000000                . = ALIGN (0x800)
                0x0000000000000000                _vector_start = .
 *(SORT_BY_ALIGNMENT(.exc_vector_table))
 *(SORT_BY_ALIGNMENT(.exc_vector_table.*))
 .exc_vector_table._vector_table_section
                0x0000000000000000       0x40 zephyr/arch/arch/arm/core/cortex_m/libarch__arm__core__cortex_m.a(vector_table.S.obj)
                0x0000000000000000                _vector_table
 *(SORT_BY_ALIGNMENT(.vectors))
                0x000000000000047c                _vector_end = .
                0x0000000000000040                . = ALIGN (0x4)
 *(SORT_BY_ALIGNMENT(.gnu.linkonce.irq_vector_table*))
 .gnu.linkonce.irq_vector_table
                0x0000000000000040      0x43c zephyr/CMakeFiles/zephyr_final.dir/isr_tables.c.obj
                0x0000000000000040                _irq_vector_table
                0x000000000000047c                _vector_end = .

text            0x000000000000047c     0x99f8
                0x000000000000047c                __text_region_start = .
 *(SORT_BY_ALIGNMENT(.text))
 .text          0x000000000000047c       0x30 c:/ncs/toolchains/c1a76fddb2/opt/zephyr-sdk/arm-zephyr-eabi/bin/../lib/gcc/arm-zephyr-eabi/12.2.0/thumb/v8-m.main/nofp\libgcc.a(_aeabi_uldivmod.o)
                0x000000000000047c                __aeabi_uldivmod
 .text          0x00000000000004ac        0x4 c:/ncs/toolchains/c1a76fddb2/opt/zephyr-sdk/arm-zephyr-eabi/bin/../lib/gcc/arm-zephyr-eabi/12.2.0/thumb/v8-m.main/nofp\libgcc.a(_dvmd_tls.o)
                0x00000000000004ac                __aeabi_idiv0
                0x00000000000004ac                __aeabi_ldiv0
 .text          0x00000000000004b0       0x10 c:\ncs\toolchains\c1a76fddb2\opt\zephyr-sdk\arm-zephyr-eabi\bin\../lib/gcc/../../picolibc/arm-zephyr-eabi/lib/thumb/v8-m.main/nofp\libc.a(strlen.S.o)
                0x00000000000004b0                strlen
 .text          0x00000000000004c0      0x29c c:/ncs/toolchains/c1a76fddb2/opt/zephyr-sdk/arm-zephyr-eabi/bin/../lib/gcc/arm-zephyr-eabi/12.2.0/thumb/v8-m.main/nofp\libgcc.a(_udivmoddi4.o)
                0x00000000000004c0                __udivmoddi4
 *(SORT_BY_ALIGNMENT(.text.*))
 .text.main     0x000000000000075c      0x11c app/libapp.a(main.c.obj)
                0x000000000000075c                main
 .text.cbvprintf_package
                0x0000000000000878      0x3a4 zephyr/libzephyr.a(cbprintf_packaged.c.obj)
                0x0000000000000878                cbvprintf_package
 .text.cbprintf_package_convert
                0x0000000000000c1c      0x3cc zephyr/libzephyr.a(cbprintf_packaged.c.obj)
                0x0000000000000c1c                cbprintf_package_convert
 .text.__printk_hook_install
                0x0000000000000fe8        0xc zephyr/libzephyr.a(printk.c.obj)
                0x0000000000000fe8                __printk_hook_install
 .text.z_thread_entry
                0x0000000000000ff4       0x34 zephyr/libzephyr.a(thread_entry.c.obj)
                0x0000000000000ff4                z_thread_entry
 .text.process_event
                0x0000000000001028      0x21c zephyr/libzephyr.a(onoff.c.obj)
 .text.activate_foreach_backend
                0x0000000000001244       0x64 zephyr/libzephyr.a(log_core.c.obj)
 .text.enable_logger
                0x00000000000012a8       0x5c zephyr/libzephyr.a(log_core.c.obj)
 .text.log_process_thread_timer_expiry_fn
                0x0000000000001304        0xc zephyr/libzephyr.a(log_core.c.obj)
 .text.z_log_init
                0x0000000000001310       0x98 zephyr/libzephyr.a(log_core.c.obj)
 .text.log_format_func_t_get
                0x00000000000013a8        0xc zephyr/libzephyr.a(log_core.c.obj)
                0x00000000000013a8                log_format_func_t_get
 .text.log_set_timestamp_func
                0x00000000000013b4       0x20 zephyr/libzephyr.a(log_core.c.obj)
                0x00000000000013b4                log_set_timestamp_func
 .text.z_log_notify_backend_enabled
                0x00000000000013d4       0x1c zephyr/libzephyr.a(log_core.c.obj)
                0x00000000000013d4                z_log_notify_backend_enabled
 .text.z_log_dropped
                0x00000000000013f0       0x3c zephyr/libzephyr.a(log_core.c.obj)
                0x00000000000013f0                z_log_dropped
 .text.z_log_dropped_read_and_clear
                0x000000000000142c       0x18 zephyr/libzephyr.a(log_core.c.obj)
                0x000000000000142c                z_log_dropped_read_and_clear
 .text.dropped_notify
                0x0000000000001444       0x30 zephyr/libzephyr.a(log_core.c.obj)
                0x0000000000001444                dropped_notify
 .text.z_log_msg_init
                0x0000000000001474       0x20 zephyr/libzephyr.a(log_core.c.obj)
                0x0000000000001474                z_log_msg_init
 .text.log_core_init
                0x0000000000001494       0x54 zephyr/libzephyr.a(log_core.c.obj)
                0x0000000000001494                log_core_init
 .text.z_log_msg_alloc
                0x00000000000014e8       0x10 zephyr/libzephyr.a(log_core.c.obj)
                0x00000000000014e8                z_log_msg_alloc
 .text.z_log_msg_local_claim
                0x00000000000014f8        0xc zephyr/libzephyr.a(log_core.c.obj)
                0x00000000000014f8                z_log_msg_local_claim
 .text.z_log_msg_free
                0x0000000000001504       0x10 zephyr/libzephyr.a(log_core.c.obj)
                0x0000000000001504                z_log_msg_free
 .text.z_log_msg_pending
                0x0000000000001514        0xc zephyr/libzephyr.a(log_core.c.obj)
                0x0000000000001514                z_log_msg_pending
 .text.z_impl_log_process
                0x0000000000001520       0xb8 zephyr/libzephyr.a(log_core.c.obj)
                0x0000000000001520                z_impl_log_process
 .text.z_impl_log_panic
                0x00000000000015d8       0x44 zephyr/libzephyr.a(log_core.c.obj)
                0x00000000000015d8                z_impl_log_panic
 .text.log_process_thread_func
                0x000000000000161c       0xa4 zephyr/libzephyr.a(log_core.c.obj)
 .text.z_log_msg_post_finalize
                0x00000000000016c0       0x78 zephyr/libzephyr.a(log_core.c.obj)
 .text.z_log_msg_commit
                0x0000000000001738       0x24 zephyr/libzephyr.a(log_core.c.obj)
                0x0000000000001738                z_log_msg_commit
 .text.log_source_name_get
                0x000000000000175c       0x1c zephyr/libzephyr.a(log_mgmt.c.obj)
                0x000000000000175c                log_source_name_get
 .text.z_impl_z_log_msg_static_create
                0x0000000000001778      0x108 zephyr/libzephyr.a(log_msg.c.obj)
                0x0000000000001778                z_impl_z_log_msg_static_create
 .text.z_log_msg_runtime_vcreate
                0x0000000000001880       0xa0 zephyr/libzephyr.a(log_msg.c.obj)
                0x0000000000001880                z_log_msg_runtime_vcreate
 .text.log_msg_get_source_id
                0x0000000000001920       0x18 zephyr/libzephyr.a(log_msg.c.obj)
                0x0000000000001920                log_msg_get_source_id
 .text.print_formatted
                0x0000000000001938       0x24 zephyr/libzephyr.a(log_output.c.obj)
 .text.newline_print
                0x000000000000195c       0x1c zephyr/libzephyr.a(log_output.c.obj)
 .text.log_output_process
                0x0000000000001978      0x2d4 zephyr/libzephyr.a(log_output.c.obj)
                0x0000000000001978                log_output_process
 .text.log_output_dropped_process
                0x0000000000001c4c       0x58 zephyr/libzephyr.a(log_output.c.obj)
                0x0000000000001c4c                log_output_dropped_process
 .text.log_output_timestamp_freq_set
                0x0000000000001ca4       0x2c zephyr/libzephyr.a(log_output.c.obj)
                0x0000000000001ca4                log_output_timestamp_freq_set
 .text.panic    0x0000000000001cd0       0x54 zephyr/libzephyr.a(log_backend_uart.c.obj)
 .text.char_out
                0x0000000000001d24       0x24 zephyr/libzephyr.a(log_backend_uart.c.obj)
 .text.mem_attr_get_regions
                0x0000000000001d48        0xc zephyr/libzephyr.a(mem_attr.c.obj)
                0x0000000000001d48                mem_attr_get_regions
 .text.pm_device_action_run
                0x0000000000001d54       0x8c zephyr/libzephyr.a(device.c.obj)
                0x0000000000001d54                pm_device_action_run
 .text.boot_banner
                0x0000000000001de0       0x1c zephyr/libzephyr.a(banner.c.obj)
                0x0000000000001de0                boot_banner
 .text.arch_bss_zero
                0x0000000000001dfc       0x18 zephyr/arch/common/libarch__common.a(init.c.obj)
                0x0000000000001dfc                arch_bss_zero
 .text.arch_data_copy
                0x0000000000001e14       0x38 zephyr/arch/common/libarch__common.a(xip.c.obj)
                0x0000000000001e14                arch_data_copy
 .text.z_arm_fatal_error
                0x0000000000001e4c       0xb8 zephyr/arch/arch/arm/core/libarch__arm__core.a(fatal.c.obj)
                0x0000000000001e4c                z_arm_fatal_error
 .text.z_SysNmiOnReset
                0x0000000000001f04        0x8 zephyr/arch/arch/arm/core/libarch__arm__core.a(nmi_on_reset.S.obj)
                0x0000000000001f04                z_SysNmiOnReset
 .text.arch_tls_stack_setup
                0x0000000000001f0c       0x40 zephyr/arch/arch/arm/core/libarch__arm__core.a(tls.c.obj)
                0x0000000000001f0c                arch_tls_stack_setup
 .text._HandlerModeExit
                0x0000000000001f4c       0x20 zephyr/arch/arch/arm/core/cortex_m/libarch__arm__core__cortex_m.a(exc_exit.c.obj)
                0x0000000000001f4c                z_arm_int_exit
                0x0000000000001f4c                z_arm_exc_exit
 .text.mem_manage_fault.constprop.0
                0x0000000000001f6c       0xd0 zephyr/arch/arch/arm/core/cortex_m/libarch__arm__core__cortex_m.a(fault.c.obj)
 .text.usage_fault.constprop.0
                0x000000000000203c       0xbc zephyr/arch/arch/arm/core/cortex_m/libarch__arm__core__cortex_m.a(fault.c.obj)
 .text.bus_fault.constprop.0
                0x00000000000020f8       0xd0 zephyr/arch/arch/arm/core/cortex_m/libarch__arm__core__cortex_m.a(fault.c.obj)
 .text.z_arm_fault
                0x00000000000021c8      0x1d0 zephyr/arch/arch/arm/core/cortex_m/libarch__arm__core__cortex_m.a(fault.c.obj)
                0x00000000000021c8                z_arm_fault
 .text.z_arm_fault_init
                0x0000000000002398       0x20 zephyr/arch/arch/arm/core/cortex_m/libarch__arm__core__cortex_m.a(fault.c.obj)
                0x0000000000002398                z_arm_fault_init
 .text.__fault  0x00000000000023b8       0x14 zephyr/arch/arch/arm/core/cortex_m/libarch__arm__core__cortex_m.a(fault_s.S.obj)
                0x00000000000023b8                z_arm_usage_fault
                0x00000000000023b8                z_arm_mpu_fault
                0x00000000000023b8                z_arm_exc_spurious
                0x00000000000023b8                z_arm_debug_monitor
                0x00000000000023b8                z_arm_hard_fault
                0x00000000000023b8                z_arm_bus_fault
 .text._reset_section
                0x00000000000023cc       0x60 zephyr/arch/arch/arm/core/cortex_m/libarch__arm__core__cortex_m.a(reset.S.obj)
                0x00000000000023cc                __start
                0x00000000000023cc                z_arm_reset
 .text.z_arm_clear_arm_mpu_config
                0x000000000000242c       0x24 zephyr/arch/arch/arm/core/cortex_m/libarch__arm__core__cortex_m.a(scb.c.obj)
                0x000000000000242c                z_arm_clear_arm_mpu_config
 .text.z_arm_init_arch_hw_at_boot
                0x0000000000002450       0x4c zephyr/arch/arch/arm/core/cortex_m/libarch__arm__core__cortex_m.a(scb.c.obj)
                0x0000000000002450                z_arm_init_arch_hw_at_boot
 .text.z_impl_k_thread_abort
                0x000000000000249c       0x2c zephyr/arch/arch/arm/core/cortex_m/libarch__arm__core__cortex_m.a(thread_abort.c.obj)
                0x000000000000249c                z_impl_k_thread_abort
 .text.z_arm_pendsv
                0x00000000000024c8       0x68 zephyr/arch/arch/arm/core/cortex_m/libarch__arm__core__cortex_m.a(swap_helper.S.obj)
                0x00000000000024c8                z_arm_pendsv
 .text.z_arm_svc
                0x0000000000002530       0x24 zephyr/arch/arch/arm/core/cortex_m/libarch__arm__core__cortex_m.a(swap_helper.S.obj)
                0x0000000000002530                z_arm_svc
 .text.arm_irq_enable
                0x0000000000002554       0x1c zephyr/arch/arch/arm/core/cortex_m/libarch__arm__core__cortex_m.a(irq_manage.c.obj)
                0x0000000000002554                arm_irq_enable
 .text.arm_irq_disable
                0x0000000000002570       0x28 zephyr/arch/arch/arm/core/cortex_m/libarch__arm__core__cortex_m.a(irq_manage.c.obj)
                0x0000000000002570                arm_irq_disable
 .text.arm_irq_is_enabled
                0x0000000000002598       0x1c zephyr/arch/arch/arm/core/cortex_m/libarch__arm__core__cortex_m.a(irq_manage.c.obj)
                0x0000000000002598                arm_irq_is_enabled
 .text.arm_irq_priority_set
                0x00000000000025b4       0x2c zephyr/arch/arch/arm/core/cortex_m/libarch__arm__core__cortex_m.a(irq_manage.c.obj)
                0x00000000000025b4                arm_irq_priority_set
 .text.relocate_vector_table
                0x00000000000025e0       0x1c zephyr/arch/arch/arm/core/cortex_m/libarch__arm__core__cortex_m.a(prep_c.c.obj)
                0x00000000000025e0                relocate_vector_table
 .text.z_prep_c
                0x00000000000025fc       0x28 zephyr/arch/arch/arm/core/cortex_m/libarch__arm__core__cortex_m.a(prep_c.c.obj)
                0x00000000000025fc                z_prep_c
 .text.arch_new_thread
                0x0000000000002624       0x38 zephyr/arch/arch/arm/core/cortex_m/libarch__arm__core__cortex_m.a(thread.c.obj)
                0x0000000000002624                arch_new_thread
 .text.arch_switch_to_main_thread
                0x000000000000265c       0x40 zephyr/arch/arch/arm/core/cortex_m/libarch__arm__core__cortex_m.a(thread.c.obj)
                0x000000000000265c                arch_switch_to_main_thread
 .text.z_arm_cpu_idle_init
                0x000000000000269c        0xc zephyr/arch/arch/arm/core/cortex_m/libarch__arm__core__cortex_m.a(cpu_idle.c.obj)
                0x000000000000269c                z_arm_cpu_idle_init
 .text.z_arm_interrupt_init
                0x00000000000026a8       0x20 zephyr/arch/arch/arm/core/cortex_m/libarch__arm__core__cortex_m.a(irq_init.c.obj)
                0x00000000000026a8                z_arm_interrupt_init
 .text._isr_wrapper
                0x00000000000026c8       0x24 zephyr/arch/arch/arm/core/cortex_m/libarch__arm__core__cortex_m.a(isr_wrapper.c.obj)
                0x00000000000026c8                _isr_wrapper
 .text.z_arm_configure_static_mpu_regions
                0x00000000000026ec       0x38 zephyr/arch/arch/arm/core/mpu/libarch__arm__core__mpu.a(arm_core_mpu.c.obj)
                0x00000000000026ec                z_arm_configure_static_mpu_regions
 .text.region_init
                0x0000000000002724       0x34 zephyr/arch/arch/arm/core/mpu/libarch__arm__core__mpu.a(arm_mpu.c.obj)
 .text.region_allocate_and_init
                0x0000000000002758       0x38 zephyr/arch/arch/arm/core/mpu/libarch__arm__core__mpu.a(arm_mpu.c.obj)
 .text.mpu_configure_regions_and_partition.constprop.0
                0x0000000000002790      0x164 zephyr/arch/arch/arm/core/mpu/libarch__arm__core__mpu.a(arm_mpu.c.obj)
 .text.arm_core_mpu_enable
                0x00000000000028f4       0x18 zephyr/arch/arch/arm/core/mpu/libarch__arm__core__mpu.a(arm_mpu.c.obj)
                0x00000000000028f4                arm_core_mpu_enable
 .text.arm_core_mpu_disable
                0x000000000000290c       0x14 zephyr/arch/arch/arm/core/mpu/libarch__arm__core__mpu.a(arm_mpu.c.obj)
                0x000000000000290c                arm_core_mpu_disable
 .text.arm_core_mpu_configure_static_mpu_regions
                0x0000000000002920       0x14 zephyr/arch/arch/arm/core/mpu/libarch__arm__core__mpu.a(arm_mpu.c.obj)
                0x0000000000002920                arm_core_mpu_configure_static_mpu_regions
 .text.arm_core_mpu_mark_areas_for_dynamic_regions
                0x0000000000002934       0xb8 zephyr/arch/arch/arm/core/mpu/libarch__arm__core__mpu.a(arm_mpu.c.obj)
                0x0000000000002934                arm_core_mpu_mark_areas_for_dynamic_regions
 .text.z_arm_mpu_init
                0x00000000000029ec      0x11c zephyr/arch/arch/arm/core/mpu/libarch__arm__core__mpu.a(arm_mpu.c.obj)
                0x00000000000029ec                z_arm_mpu_init
 .text.cbvprintf
                0x0000000000002b08       0x38 zephyr/lib/libc/picolibc/liblib__libc__picolibc.a(cbprintf.c.obj)
                0x0000000000002b08                cbvprintf
 .text.z_impl_zephyr_fputc
                0x0000000000002b40       0x10 zephyr/lib/libc/picolibc/liblib__libc__picolibc.a(stdio.c.obj)
                0x0000000000002b40                z_impl_zephyr_fputc
 .text.__stdout_hook_install
                0x0000000000002b50       0x18 zephyr/lib/libc/picolibc/liblib__libc__picolibc.a(stdio.c.obj)
                0x0000000000002b50                __stdout_hook_install
 .text.malloc_prepare
                0x0000000000002b68       0x24 zephyr/lib/libc/common/liblib__libc__common.a(malloc.c.obj)
 .text.nordicsemi_nrf54l_init
                0x0000000000002b8c       0x68 zephyr/soc/soc/nrf54l15/libsoc__nordic.a(soc.c.obj)
                0x0000000000002b8c                nordicsemi_nrf54l_init
 .text.arch_busy_wait
                0x0000000000002bf4       0x24 zephyr/soc/soc/nrf54l15/libsoc__nordic.a(soc.c.obj)
                0x0000000000002bf4                arch_busy_wait
 .text.cache_instr_enable
                0x0000000000002c18       0x10 zephyr/drivers/cache/libdrivers__cache.a(cache_nrf.c.obj)
                0x0000000000002c18                cache_instr_enable
 .text.onoff_stop
                0x0000000000002c28       0x30 zephyr/drivers/clock_control/libdrivers__clock_control.a(clock_control_nrf.c.obj)
 .text.onoff_start
                0x0000000000002c58       0x44 zephyr/drivers/clock_control/libdrivers__clock_control.a(clock_control_nrf.c.obj)
 .text.clk_init
                0x0000000000002c9c       0x5c zephyr/drivers/clock_control/libdrivers__clock_control.a(clock_control_nrf.c.obj)
 .text.api_blocking_start
                0x0000000000002cf8       0x34 zephyr/drivers/clock_control/libdrivers__clock_control.a(clock_control_nrf.c.obj)
 .text.generic_hfclk_stop
                0x0000000000002d2c       0x34 zephyr/drivers/clock_control/libdrivers__clock_control.a(clock_control_nrf.c.obj)
 .text.clkstarted_handle.constprop.0
                0x0000000000002d60       0x4c zephyr/drivers/clock_control/libdrivers__clock_control.a(clock_control_nrf.c.obj)
 .text.generic_hfclk_start
                0x0000000000002dac       0x78 zephyr/drivers/clock_control/libdrivers__clock_control.a(clock_control_nrf.c.obj)
 .text.z_nrf_clock_control_lf_on
                0x0000000000002e24       0xf4 zephyr/drivers/clock_control/libdrivers__clock_control.a(clock_control_nrf.c.obj)
                0x0000000000002e24                z_nrf_clock_control_lf_on
 .text.uart_console_init
                0x0000000000002f18       0x28 zephyr/drivers/console/libdrivers__console.a(uart_console.c.obj)
 .text.console_out
                0x0000000000002f40       0x28 zephyr/drivers/console/libdrivers__console.a(uart_console.c.obj)
 .text.gpio_nrfx_init
                0x0000000000002f68       0x64 zephyr/drivers/gpio/libdrivers__gpio.a(gpio_nrfx.c.obj)
 .text.gpio_nrfx_pin_configure
                0x0000000000002fcc      0x188 zephyr/drivers/gpio/libdrivers__gpio.a(gpio_nrfx.c.obj)
 .text.nrfx_gpio_handler
                0x0000000000003154       0x58 zephyr/drivers/gpio/libdrivers__gpio.a(gpio_nrfx.c.obj)
 .text.gpio_nrfx_pin_interrupt_configure
                0x00000000000031ac      0x11c zephyr/drivers/gpio/libdrivers__gpio.a(gpio_nrfx.c.obj)
 .text.gpio_hogs_init
                0x00000000000032c8       0xa8 zephyr/drivers/gpio/libdrivers__gpio.a(gpio_hogs.c.obj)
 .text.ws2812_spi_init
                0x0000000000003370       0xa4 zephyr/drivers/led_strip/libdrivers__led_strip.a(ws2812_spi.c.obj)
 .text.nrf_gpio_pin_port_decode
                0x0000000000003414       0x20 zephyr/drivers/pinctrl/libdrivers__pinctrl.a(pinctrl_nrf.c.obj)
 .text.pinctrl_configure_pins
                0x0000000000003434      0x178 zephyr/drivers/pinctrl/libdrivers__pinctrl.a(pinctrl_nrf.c.obj)
                0x0000000000003434                pinctrl_configure_pins
 .text.regulator_fixed_init
                0x00000000000035ac       0xcc zephyr/drivers/regulator/libdrivers__regulator.a(regulator_fixed.c.obj)
 .text.uarte_instance_deinit
                0x0000000000003678        0xc zephyr/drivers/serial/libdrivers__serial.a(uart_nrfx_uarte.c.obj)
 .text.uarte_has_cross_domain_connection.isra.0
                0x0000000000003684       0x28 zephyr/drivers/serial/libdrivers__serial.a(uart_nrfx_uarte.c.obj)
 .text.uarte_instance_init.constprop.0
                0x00000000000036ac       0x7c zephyr/drivers/serial/libdrivers__serial.a(uart_nrfx_uarte.c.obj)
 .text.uarte_nrfx_poll_out
                0x0000000000003728       0xc4 zephyr/drivers/serial/libdrivers__serial.a(uart_nrfx_uarte.c.obj)
 .text.spi_nrfx_init
                0x00000000000037ec      0x110 zephyr/drivers/spi/libdrivers__spi.a(spi_nrfx_spim.c.obj)
 .text.transfer_next_chunk
                0x00000000000038fc       0xd0 zephyr/drivers/spi/libdrivers__spi.a(spi_nrfx_spim.c.obj)
 .text.event_handler
                0x00000000000039cc       0xd4 zephyr/drivers/spi/libdrivers__spi.a(spi_nrfx_spim.c.obj)
 .text.spi_nrfx_transceive
                0x0000000000003aa0      0x35c zephyr/drivers/spi/libdrivers__spi.a(spi_nrfx_spim.c.obj)
 .text.nrf_gpio_cfg_input
                0x0000000000003dfc       0x3c zephyr/drivers/spi/libdrivers__spi.a(spi_nrfx_common.c.obj)
 .text.spi_nrfx_wake_init
                0x0000000000003e38       0x60 zephyr/drivers/spi/libdrivers__spi.a(spi_nrfx_common.c.obj)
                0x0000000000003e38                spi_nrfx_wake_init
 .text.sys_clock_timeout_handler
                0x0000000000003e98       0x40 zephyr/drivers/timer/libdrivers__timer.a(nrf_grtc_timer.c.obj)
 .text.sys_clock_driver_init
                0x0000000000003ed8       0x88 zephyr/drivers/timer/libdrivers__timer.a(nrf_grtc_timer.c.obj)
 .text.sys_clock_elapsed
                0x0000000000003f60       0x20 zephyr/drivers/timer/libdrivers__timer.a(nrf_grtc_timer.c.obj)
                0x0000000000003f60                sys_clock_elapsed
 .text.sys_clock_set_timeout
                0x0000000000003f80       0x50 zephyr/drivers/timer/libdrivers__timer.a(nrf_grtc_timer.c.obj)
                0x0000000000003f80                sys_clock_set_timeout
 .text.nrf54l_errata_31
                0x0000000000003fd0       0x20 modules/hal_nordic/modules/hal_nordic/nrfx/libmodules__hal_nordic__nrfx.a(system_nrf54l.c.obj)
 .text.nrf54l_handle_approtect_signal
                0x0000000000003ff0       0x34 modules/hal_nordic/modules/hal_nordic/nrfx/libmodules__hal_nordic__nrfx.a(system_nrf54l.c.obj)
 .text.SystemInit
                0x0000000000004024      0x12c modules/hal_nordic/modules/hal_nordic/nrfx/libmodules__hal_nordic__nrfx.a(system_nrf54l.c.obj)
                0x0000000000004024                SystemInit
 .text.nrfx_flag32_alloc
                0x0000000000004150       0x40 modules/hal_nordic/modules/hal_nordic/nrfx/libmodules__hal_nordic__nrfx.a(nrfx_flag32_allocator.c.obj)
                0x0000000000004150                nrfx_flag32_alloc
 .text.nrfx_flag32_free
                0x0000000000004190       0x38 modules/hal_nordic/modules/hal_nordic/nrfx/libmodules__hal_nordic__nrfx.a(nrfx_flag32_allocator.c.obj)
                0x0000000000004190                nrfx_flag32_free
 .text.clock_stop
                0x00000000000041c8       0xe8 modules/hal_nordic/modules/hal_nordic/nrfx/libmodules__hal_nordic__nrfx.a(nrfx_clock.c.obj)
 .text.nrfx_clock_init
                0x00000000000042b0       0x20 modules/hal_nordic/modules/hal_nordic/nrfx/libmodules__hal_nordic__nrfx.a(nrfx_clock.c.obj)
                0x00000000000042b0                nrfx_clock_init
 .text.nrfx_clock_enable
                0x00000000000042d0       0x38 modules/hal_nordic/modules/hal_nordic/nrfx/libmodules__hal_nordic__nrfx.a(nrfx_clock.c.obj)
                0x00000000000042d0                nrfx_clock_enable
 .text.nrfx_clock_start
                0x0000000000004308       0xe0 modules/hal_nordic/modules/hal_nordic/nrfx/libmodules__hal_nordic__nrfx.a(nrfx_clock.c.obj)
                0x0000000000004308                nrfx_clock_start
 .text.nrfx_clock_irq_handler
                0x00000000000043e8       0x88 modules/hal_nordic/modules/hal_nordic/nrfx/libmodules__hal_nordic__nrfx.a(nrfx_clock.c.obj)
                0x00000000000043e8                nrfx_clock_irq_handler
 .text.nrf_gpio_pin_port_decode
                0x0000000000004470       0x20 modules/hal_nordic/modules/hal_nordic/nrfx/libmodules__hal_nordic__nrfx.a(nrfx_gpiote.c.obj)
 .text.get_pin_idx
                0x0000000000004490       0x14 modules/hal_nordic/modules/hal_nordic/nrfx/libmodules__hal_nordic__nrfx.a(nrfx_gpiote.c.obj)
 .text.release_handler
                0x00000000000044a4       0x74 modules/hal_nordic/modules/hal_nordic/nrfx/libmodules__hal_nordic__nrfx.a(nrfx_gpiote.c.obj)
 .text.latch_pending_read_and_check
                0x0000000000004518       0x58 modules/hal_nordic/modules/hal_nordic/nrfx/libmodules__hal_nordic__nrfx.a(nrfx_gpiote.c.obj)
 .text.pin_te_get.isra.0
                0x0000000000004570       0x20 modules/hal_nordic/modules/hal_nordic/nrfx/libmodules__hal_nordic__nrfx.a(nrfx_gpiote.c.obj)
 .text.pin_is_output.isra.0
                0x0000000000004590       0x24 modules/hal_nordic/modules/hal_nordic/nrfx/libmodules__hal_nordic__nrfx.a(nrfx_gpiote.c.obj)
 .text.pin_in_use_by_te.isra.0
                0x00000000000045b4       0x24 modules/hal_nordic/modules/hal_nordic/nrfx/libmodules__hal_nordic__nrfx.a(nrfx_gpiote.c.obj)
 .text.irq_handler
                0x00000000000045d8      0x1d4 modules/hal_nordic/modules/hal_nordic/nrfx/libmodules__hal_nordic__nrfx.a(nrfx_gpiote.c.obj)
 .text.pin_uninit
                0x00000000000047ac       0xa4 modules/hal_nordic/modules/hal_nordic/nrfx/libmodules__hal_nordic__nrfx.a(nrfx_gpiote.c.obj)
 .text.nrfx_gpiote_input_configure
                0x0000000000004850      0x1d8 modules/hal_nordic/modules/hal_nordic/nrfx/libmodules__hal_nordic__nrfx.a(nrfx_gpiote.c.obj)
                0x0000000000004850                nrfx_gpiote_input_configure
 .text.nrfx_gpiote_output_configure
                0x0000000000004a28      0x128 modules/hal_nordic/modules/hal_nordic/nrfx/libmodules__hal_nordic__nrfx.a(nrfx_gpiote.c.obj)
                0x0000000000004a28                nrfx_gpiote_output_configure
 .text.nrfx_gpiote_global_callback_set
                0x0000000000004b50       0x1c modules/hal_nordic/modules/hal_nordic/nrfx/libmodules__hal_nordic__nrfx.a(nrfx_gpiote.c.obj)
                0x0000000000004b50                nrfx_gpiote_global_callback_set
 .text.nrfx_gpiote_channel_get
                0x0000000000004b6c       0x3c modules/hal_nordic/modules/hal_nordic/nrfx/libmodules__hal_nordic__nrfx.a(nrfx_gpiote.c.obj)
                0x0000000000004b6c                nrfx_gpiote_channel_get
 .text.nrfx_gpiote_init
                0x0000000000004ba8       0x80 modules/hal_nordic/modules/hal_nordic/nrfx/libmodules__hal_nordic__nrfx.a(nrfx_gpiote.c.obj)
                0x0000000000004ba8                nrfx_gpiote_init
 .text.nrfx_gpiote_init_check
                0x0000000000004c28       0x1c modules/hal_nordic/modules/hal_nordic/nrfx/libmodules__hal_nordic__nrfx.a(nrfx_gpiote.c.obj)
                0x0000000000004c28                nrfx_gpiote_init_check
 .text.nrfx_gpiote_channel_free
                0x0000000000004c44       0x10 modules/hal_nordic/modules/hal_nordic/nrfx/libmodules__hal_nordic__nrfx.a(nrfx_gpiote.c.obj)
                0x0000000000004c44                nrfx_gpiote_channel_free
 .text.nrfx_gpiote_channel_alloc
                0x0000000000004c54       0x10 modules/hal_nordic/modules/hal_nordic/nrfx/libmodules__hal_nordic__nrfx.a(nrfx_gpiote.c.obj)
                0x0000000000004c54                nrfx_gpiote_channel_alloc
 .text.nrfx_gpiote_trigger_enable
                0x0000000000004c64       0xb8 modules/hal_nordic/modules/hal_nordic/nrfx/libmodules__hal_nordic__nrfx.a(nrfx_gpiote.c.obj)
                0x0000000000004c64                nrfx_gpiote_trigger_enable
 .text.nrfx_gpiote_20_irq_handler
                0x0000000000004d1c       0x10 modules/hal_nordic/modules/hal_nordic/nrfx/libmodules__hal_nordic__nrfx.a(nrfx_gpiote.c.obj)
                0x0000000000004d1c                nrfx_gpiote_20_irq_handler
 .text.nrfx_gpiote_30_irq_handler
                0x0000000000004d2c       0x10 modules/hal_nordic/modules/hal_nordic/nrfx/libmodules__hal_nordic__nrfx.a(nrfx_gpiote.c.obj)
                0x0000000000004d2c                nrfx_gpiote_30_irq_handler
 .text.cc_channel_prepare
                0x0000000000004d3c       0x40 modules/hal_nordic/modules/hal_nordic/nrfx/libmodules__hal_nordic__nrfx.a(nrfx_grtc.c.obj)
 .text.sleep_configure
                0x0000000000004d7c       0x24 modules/hal_nordic/modules/hal_nordic/nrfx/libmodules__hal_nordic__nrfx.a(nrfx_grtc.c.obj)
 .text.syscounter_check
                0x0000000000004da0       0x38 modules/hal_nordic/modules/hal_nordic/nrfx/libmodules__hal_nordic__nrfx.a(nrfx_grtc.c.obj)
 .text.nrfx_grtc_syscounter_get
                0x0000000000004dd8       0x48 modules/hal_nordic/modules/hal_nordic/nrfx/libmodules__hal_nordic__nrfx.a(nrfx_grtc.c.obj)
                0x0000000000004dd8                nrfx_grtc_syscounter_get
 .text.nrfx_grtc_init
                0x0000000000004e20      0x120 modules/hal_nordic/modules/hal_nordic/nrfx/libmodules__hal_nordic__nrfx.a(nrfx_grtc.c.obj)
                0x0000000000004e20                nrfx_grtc_init
 .text.nrfx_grtc_syscounter_start
                0x0000000000004f40       0xc8 modules/hal_nordic/modules/hal_nordic/nrfx/libmodules__hal_nordic__nrfx.a(nrfx_grtc.c.obj)
                0x0000000000004f40                nrfx_grtc_syscounter_start
 .text.nrfx_grtc_syscounter_cc_absolute_set
                0x0000000000005008       0x98 modules/hal_nordic/modules/hal_nordic/nrfx/libmodules__hal_nordic__nrfx.a(nrfx_grtc.c.obj)
                0x0000000000005008                nrfx_grtc_syscounter_cc_absolute_set
 .text.nrfx_grtc_irq_handler
                0x00000000000050a0       0xb0 modules/hal_nordic/modules/hal_nordic/nrfx/libmodules__hal_nordic__nrfx.a(nrfx_grtc.c.obj)
                0x00000000000050a0                nrfx_grtc_irq_handler
 .text.nrfx_power_irq_handler
                0x0000000000005150       0x70 modules/hal_nordic/modules/hal_nordic/nrfx/libmodules__hal_nordic__nrfx.a(nrfx_power.c.obj)
                0x0000000000005150                nrfx_power_irq_handler
 .text.__nrfy_internal_rramc_config_set.constprop.0.isra.0
                0x00000000000051c0       0x18 modules/hal_nordic/modules/hal_nordic/nrfx/libmodules__hal_nordic__nrfx.a(nrfx_rramc.c.obj)
 .text.nrf_gpio_pin_port_decode
                0x00000000000051d8       0x20 modules/hal_nordic/modules/hal_nordic/nrfx/libmodules__hal_nordic__nrfx.a(nrfx_spim.c.obj)
 .text.pin_init.constprop.0
                0x00000000000051f8       0x4c modules/hal_nordic/modules/hal_nordic/nrfx/libmodules__hal_nordic__nrfx.a(nrfx_spim.c.obj)
 .text.spim_frequency_valid_check.isra.0
                0x0000000000005244       0x48 modules/hal_nordic/modules/hal_nordic/nrfx/libmodules__hal_nordic__nrfx.a(nrfx_spim.c.obj)
 .text.spim_configure
                0x000000000000528c      0x1d8 modules/hal_nordic/modules/hal_nordic/nrfx/libmodules__hal_nordic__nrfx.a(nrfx_spim.c.obj)
 .text.spim_pin_uninit
                0x0000000000005464       0x30 modules/hal_nordic/modules/hal_nordic/nrfx/libmodules__hal_nordic__nrfx.a(nrfx_spim.c.obj)
 .text.nrfx_spim_init
                0x0000000000005494       0x74 modules/hal_nordic/modules/hal_nordic/nrfx/libmodules__hal_nordic__nrfx.a(nrfx_spim.c.obj)
                0x0000000000005494                nrfx_spim_init
 .text.nrfx_spim_uninit
                0x0000000000005508       0x8c modules/hal_nordic/modules/hal_nordic/nrfx/libmodules__hal_nordic__nrfx.a(nrfx_spim.c.obj)
                0x0000000000005508                nrfx_spim_uninit
 .text.nrfx_spim_xfer
                0x0000000000005594      0x198 modules/hal_nordic/modules/hal_nordic/nrfx/libmodules__hal_nordic__nrfx.a(nrfx_spim.c.obj)
                0x0000000000005594                nrfx_spim_xfer
 .text.nrfx_spim_00_irq_handler
                0x000000000000572c       0x90 modules/hal_nordic/modules/hal_nordic/nrfx/libmodules__hal_nordic__nrfx.a(nrfx_spim.c.obj)
                0x000000000000572c                nrfx_spim_00_irq_handler
 .text.k_sys_fatal_error_handler
                0x00000000000057bc       0x20 zephyr/kernel/libkernel.a(fatal.c.obj)
                0x00000000000057bc                k_sys_fatal_error_handler
 .text.z_fatal_error
                0x00000000000057dc       0xe8 zephyr/kernel/libkernel.a(fatal.c.obj)
                0x00000000000057dc                z_fatal_error
 .text.z_sys_init_run_level
                0x00000000000058c4       0x30 zephyr/kernel/libkernel.a(init.c.obj)
 .text.bg_thread_main
                0x00000000000058f4       0xc0 zephyr/kernel/libkernel.a(init.c.obj)
 .text.z_init_cpu
                0x00000000000059b4       0x68 zephyr/kernel/libkernel.a(init.c.obj)
                0x00000000000059b4                z_init_cpu
 .text.z_cstart
                0x0000000000005a1c       0xd0 zephyr/kernel/libkernel.a(init.c.obj)
                0x0000000000005a1c                z_cstart
 .text.z_impl_k_mutex_lock
                0x0000000000005aec       0xf0 zephyr/kernel/libkernel.a(mutex.c.obj)
                0x0000000000005aec                z_impl_k_mutex_lock
 .text.z_impl_k_mutex_unlock
                0x0000000000005bdc       0xa0 zephyr/kernel/libkernel.a(mutex.c.obj)
                0x0000000000005bdc                z_impl_k_mutex_unlock
 .text.z_impl_k_sem_give
                0x0000000000005c7c       0x68 zephyr/kernel/libkernel.a(sem.c.obj)
                0x0000000000005c7c                z_impl_k_sem_give
 .text.z_impl_k_sem_take
                0x0000000000005ce4       0x4c zephyr/kernel/libkernel.a(sem.c.obj)
                0x0000000000005ce4                z_impl_k_sem_take
 .text.z_impl_k_sem_reset
                0x0000000000005d30       0x74 zephyr/kernel/libkernel.a(sem.c.obj)
                0x0000000000005d30                z_impl_k_sem_reset
 .text.z_setup_new_thread
                0x0000000000005da4       0x80 zephyr/kernel/libkernel.a(thread.c.obj)
                0x0000000000005da4                z_setup_new_thread
 .text.z_impl_k_thread_create
                0x0000000000005e24       0x58 zephyr/kernel/libkernel.a(thread.c.obj)
                0x0000000000005e24                z_impl_k_thread_create
 .text.z_dummy_thread_init
                0x0000000000005e7c       0x18 zephyr/kernel/libkernel.a(thread.c.obj)
                0x0000000000005e7c                z_dummy_thread_init
 .text.z_swap_irqlock
                0x0000000000005e94       0x34 zephyr/kernel/libkernel.a(sched.c.obj)
 .text.ready_thread
                0x0000000000005ec8       0x84 zephyr/kernel/libkernel.a(sched.c.obj)
 .text.unready_thread
                0x0000000000005f4c       0x54 zephyr/kernel/libkernel.a(sched.c.obj)
 .text.add_thread_timeout
                0x0000000000005fa0       0x1c zephyr/kernel/libkernel.a(sched.c.obj)
 .text.move_thread_to_end_of_prio_q
                0x0000000000005fbc       0x90 zephyr/kernel/libkernel.a(sched.c.obj)
                0x0000000000005fbc                move_thread_to_end_of_prio_q
 .text.z_pend_curr
                0x000000000000604c       0x44 zephyr/kernel/libkernel.a(sched.c.obj)
                0x000000000000604c                z_pend_curr
 .text.z_thread_prio_set
                0x0000000000006090       0xe4 zephyr/kernel/libkernel.a(sched.c.obj)
                0x0000000000006090                z_thread_prio_set
 .text.z_reschedule
                0x0000000000006174       0x24 zephyr/kernel/libkernel.a(sched.c.obj)
                0x0000000000006174                z_reschedule
 .text.z_reschedule_irqlock
                0x0000000000006198       0x28 zephyr/kernel/libkernel.a(sched.c.obj)
                0x0000000000006198                z_reschedule_irqlock
 .text.k_sched_lock
                0x00000000000061c0       0x28 zephyr/kernel/libkernel.a(sched.c.obj)
                0x00000000000061c0                k_sched_lock
 .text.k_sched_unlock
                0x00000000000061e8       0x68 zephyr/kernel/libkernel.a(sched.c.obj)
                0x00000000000061e8                k_sched_unlock
 .text.z_sched_init
                0x0000000000006250       0x10 zephyr/kernel/libkernel.a(sched.c.obj)
                0x0000000000006250                z_sched_init
 .text.z_impl_k_yield
                0x0000000000006260       0x88 zephyr/kernel/libkernel.a(sched.c.obj)
                0x0000000000006260                z_impl_k_yield
 .text.z_tick_sleep
                0x00000000000062e8       0x78 zephyr/kernel/libkernel.a(sched.c.obj)
 .text.z_impl_k_sleep
                0x0000000000006360       0x5c zephyr/kernel/libkernel.a(sched.c.obj)
                0x0000000000006360                z_impl_k_sleep
 .text.z_impl_k_wakeup
                0x00000000000063bc       0x48 zephyr/kernel/libkernel.a(sched.c.obj)
                0x00000000000063bc                z_impl_k_wakeup
 .text.z_impl_k_sched_current_thread_query
                0x0000000000006404        0xc zephyr/kernel/libkernel.a(sched.c.obj)
                0x0000000000006404                z_impl_k_sched_current_thread_query
 .text.z_thread_abort
                0x0000000000006410      0x140 zephyr/kernel/libkernel.a(sched.c.obj)
                0x0000000000006410                z_thread_abort
 .text.slice_timeout
                0x0000000000006550       0x20 zephyr/kernel/libkernel.a(timeslicing.c.obj)
 .text.thread_is_sliceable
                0x0000000000006570       0x3c zephyr/kernel/libkernel.a(timeslicing.c.obj)
                0x0000000000006570                thread_is_sliceable
 .text.z_reset_time_slice
                0x00000000000065ac       0x50 zephyr/kernel/libkernel.a(timeslicing.c.obj)
                0x00000000000065ac                z_reset_time_slice
 .text.z_time_slice
                0x00000000000065fc       0x60 zephyr/kernel/libkernel.a(timeslicing.c.obj)
                0x00000000000065fc                z_time_slice
 .text.first    0x000000000000665c       0x10 zephyr/kernel/libkernel.a(timeout.c.obj)
 .text.elapsed  0x000000000000666c       0x14 zephyr/kernel/libkernel.a(timeout.c.obj)
 .text.remove_timeout
                0x0000000000006680       0x38 zephyr/kernel/libkernel.a(timeout.c.obj)
 .text.z_add_timeout
                0x00000000000066b8      0x120 zephyr/kernel/libkernel.a(timeout.c.obj)
                0x00000000000066b8                z_add_timeout
 .text.sys_clock_announce
                0x00000000000067d8       0xbc zephyr/kernel/libkernel.a(timeout.c.obj)
                0x00000000000067d8                sys_clock_announce
 .text.sys_clock_tick_get
                0x0000000000006894       0x30 zephyr/kernel/libkernel.a(timeout.c.obj)
                0x0000000000006894                sys_clock_tick_get
 .text.z_timer_expiration_handler
                0x00000000000068c4      0x110 zephyr/kernel/libkernel.a(timer.c.obj)
                0x00000000000068c4                z_timer_expiration_handler
 .text.z_impl_k_timer_start
                0x00000000000069d4       0x70 zephyr/kernel/libkernel.a(timer.c.obj)
                0x00000000000069d4                z_impl_k_timer_start
 .text.psa_get_initialized
                0x0000000000006a44       0x4c modules/nrf/subsys/nrf_security/src/core/nrf_oberon/libpsa_core.a(psa_crypto.c.obj)
 .text.mbedtls_psa_crypto_free
                0x0000000000006a90       0x90 modules/nrf/subsys/nrf_security/src/core/nrf_oberon/libpsa_core.a(psa_crypto.c.obj)
                0x0000000000006a90                mbedtls_psa_crypto_free
 .text.psa_crypto_init
                0x0000000000006b20      0x104 modules/nrf/subsys/nrf_security/src/core/nrf_oberon/libpsa_core.a(psa_crypto.c.obj)
                0x0000000000006b20                psa_crypto_init
 .text.psa_initialize_key_slots
                0x0000000000006c24       0x10 modules/nrf/subsys/nrf_security/src/core/nrf_oberon/libpsa_core.a(psa_crypto_slot_management.c.obj)
                0x0000000000006c24                psa_initialize_key_slots
 .text.psa_wipe_all_key_slots
                0x0000000000006c34       0x34 modules/nrf/subsys/nrf_security/src/core/nrf_oberon/libpsa_core.a(psa_crypto_slot_management.c.obj)
                0x0000000000006c34                psa_wipe_all_key_slots
 .text.mbedtls_free
                0x0000000000006c68        0xc modules/nrf/subsys/nrf_security/src/core/nrf_oberon/libpsa_core.a(platform.c.obj)
                0x0000000000006c68                mbedtls_free
 .text.mbedtls_platform_zeroize
                0x0000000000006c74       0x18 modules/nrf/subsys/nrf_security/src/core/nrf_oberon/libpsa_core.a(platform_util.c.obj)
                0x0000000000006c74                mbedtls_platform_zeroize
 .text.cracen_acquire
                0x0000000000006c8c       0x40 modules/nrf/subsys/nrf_security/src/drivers/cracen/libcracen_psa_driver.a(cracen.c.obj)
                0x0000000000006c8c                cracen_acquire
 .text.cracen_release
                0x0000000000006ccc       0x6c modules/nrf/subsys/nrf_security/src/drivers/cracen/libcracen_psa_driver.a(cracen.c.obj)
                0x0000000000006ccc                cracen_release
 .text.cracen_init
                0x0000000000006d38       0x5c modules/nrf/subsys/nrf_security/src/drivers/cracen/libcracen_psa_driver.a(cracen.c.obj)
                0x0000000000006d38                cracen_init
 .text.ctr_drbg_update
                0x0000000000006d94       0x9c modules/nrf/subsys/nrf_security/src/drivers/cracen/libcracen_psa_driver.a(ctr_drbg.c.obj)
 .text.cracen_init_random
                0x0000000000006e30       0x74 modules/nrf/subsys/nrf_security/src/drivers/cracen/libcracen_psa_driver.a(ctr_drbg.c.obj)
                0x0000000000006e30                cracen_init_random
 .text.cracen_get_random
                0x0000000000006ea4      0x110 modules/nrf/subsys/nrf_security/src/drivers/cracen/libcracen_psa_driver.a(ctr_drbg.c.obj)
                0x0000000000006ea4                cracen_get_random
 .text.lib_kmu_clear_all_events
                0x0000000000006fb4       0x24 modules/nrf/subsys/nrf_security/src/drivers/cracen/libcracen_psa_driver.a(lib_kmu.c.obj)
                0x0000000000006fb4                lib_kmu_clear_all_events
 .text.trigger_task_and_wait_for_event_or_error
                0x0000000000006fd8       0x54 modules/nrf/subsys/nrf_security/src/drivers/cracen/libcracen_psa_driver.a(lib_kmu.c.obj)
 .text.lib_kmu_provision_slot
                0x000000000000702c       0x3c modules/nrf/subsys/nrf_security/src/drivers/cracen/libcracen_psa_driver.a(lib_kmu.c.obj)
                0x000000000000702c                lib_kmu_provision_slot
 .text.lib_kmu_revoke_slot
                0x0000000000007068       0x34 modules/nrf/subsys/nrf_security/src/drivers/cracen/libcracen_psa_driver.a(lib_kmu.c.obj)
                0x0000000000007068                lib_kmu_revoke_slot
 .text.lib_kmu_read_metadata
                0x000000000000709c       0x30 modules/nrf/subsys/nrf_security/src/drivers/cracen/libcracen_psa_driver.a(lib_kmu.c.obj)
                0x000000000000709c                lib_kmu_read_metadata
 .text.cracen_kmu_provision
                0x00000000000070cc      0x250 modules/nrf/subsys/nrf_security/src/drivers/cracen/libcracen_psa_driver.a(kmu.c.obj)
                0x00000000000070cc                cracen_kmu_provision
 .text.cracen_provision_prot_ram_inv_data
                0x000000000000731c       0x7c modules/nrf/subsys/nrf_security/src/drivers/cracen/libcracen_psa_driver.a(kmu.c.obj)
                0x000000000000731c                cracen_provision_prot_ram_inv_data
 .text.sx_blkcipher_ecb_simple
                0x0000000000007398       0xb8 modules/nrf/subsys/nrf_security/src/drivers/cracen/libcracen_psa_driver.a(blkcipher.c.obj)
                0x0000000000007398                sx_blkcipher_ecb_simple
 .text.sx_trng_flush
                0x0000000000007450       0x30 modules/nrf/subsys/nrf_security/src/drivers/cracen/libcracen_psa_driver.a(trng.c.obj)
 .text.sx_trng_restart
                0x0000000000007480       0x28 modules/nrf/subsys/nrf_security/src/drivers/cracen/libcracen_psa_driver.a(trng.c.obj)
                0x0000000000007480                sx_trng_restart
 .text.sx_trng_open
                0x00000000000074a8       0xa4 modules/nrf/subsys/nrf_security/src/drivers/cracen/libcracen_psa_driver.a(trng.c.obj)
                0x00000000000074a8                sx_trng_open
 .text.sx_trng_get
                0x000000000000754c       0xd4 modules/nrf/subsys/nrf_security/src/drivers/cracen/libcracen_psa_driver.a(trng.c.obj)
                0x000000000000754c                sx_trng_get
 .text.sx_hw_reserve
                0x0000000000007620       0x54 modules/nrf/subsys/nrf_security/src/drivers/cracen/libcracen_psa_driver.a(cmdma_hw.c.obj)
                0x0000000000007620                sx_hw_reserve
 .text.sx_cmdma_release_hw
                0x0000000000007674       0x30 modules/nrf/subsys/nrf_security/src/drivers/cracen/libcracen_psa_driver.a(cmdma_hw.c.obj)
                0x0000000000007674                sx_cmdma_release_hw
 .text.cracen_isr_handler
                0x00000000000076a4       0x68 modules/nrf/subsys/nrf_security/src/drivers/cracen/libcracen_psa_driver.a(interrupts.c.obj)
                0x00000000000076a4                cracen_isr_handler
 .text.cracen_interrupts_init
                0x000000000000770c       0x28 modules/nrf/subsys/nrf_security/src/drivers/cracen/libcracen_psa_driver.a(interrupts.c.obj)
                0x000000000000770c                cracen_interrupts_init
 .text.cracen_wait_for_cm_interrupt
                0x0000000000007734       0x30 modules/nrf/subsys/nrf_security/src/drivers/cracen/libcracen_psa_driver.a(interrupts.c.obj)
                0x0000000000007734                cracen_wait_for_cm_interrupt
 .text.sx_pk_fetch_capabilities
                0x0000000000007764       0x24 modules/nrf/subsys/nrf_security/src/drivers/cracen/libcracen_psa_driver.a(pk_baremetal.c.obj)
                0x0000000000007764                sx_pk_fetch_capabilities
 .text.sx_pk_init
                0x0000000000007788       0x3c modules/nrf/subsys/nrf_security/src/drivers/cracen/libcracen_psa_driver.a(pk_baremetal.c.obj)
                0x0000000000007788                sx_pk_init
 .text.sx_get_current_req
                0x00000000000077c4        0x8 modules/nrf/subsys/nrf_security/src/drivers/cracen/libcracen_psa_driver.a(pk_baremetal.c.obj)
                0x00000000000077c4                sx_get_current_req
 .text.k_event_post_internal
                0x00000000000077cc       0x6c zephyr/kernel/libkernel.a(events.c.obj)
 .text.snprintf
                0x0000000000007838       0x58 c:\ncs\toolchains\c1a76fddb2\opt\zephyr-sdk\arm-zephyr-eabi\bin\../lib/gcc/../../picolibc/arm-zephyr-eabi/lib/thumb/v8-m.main/nofp\libc.a(libc_tinystdio_snprintf.c.o)
                0x0000000000007838                snprintf
 .text.__l_vfprintf
                0x0000000000007890      0x4b4 c:\ncs\toolchains\c1a76fddb2\opt\zephyr-sdk\arm-zephyr-eabi\bin\../lib/gcc/../../picolibc/arm-zephyr-eabi/lib/thumb/v8-m.main/nofp\libc.a(libc_tinystdio_vflprintf.c.o)
                0x0000000000007890                __l_vfprintf
 .text._OffsetAbsSyms
                0x0000000000007d44        0x2 zephyr/CMakeFiles/offsets.dir/./arch/arm/core/offsets/offsets.c.obj
                0x0000000000007d44                _OffsetAbsSyms
 .text.chunk_field
                0x0000000000007d46       0x16 zephyr/libzephyr.a(heap.c.obj)
 .text.chunk_set
                0x0000000000007d5c       0x16 zephyr/libzephyr.a(heap.c.obj)
 .text.chunk_size
                0x0000000000007d72        0xc zephyr/libzephyr.a(heap.c.obj)
 .text.set_chunk_used
                0x0000000000007d7e       0x30 zephyr/libzephyr.a(heap.c.obj)
 .text.set_chunk_size
                0x0000000000007dae        0x8 zephyr/libzephyr.a(heap.c.obj)
 .text.bucket_idx
                0x0000000000007db6       0x1e zephyr/libzephyr.a(heap.c.obj)
 .text.free_list_add
                0x0000000000007dd4       0x84 zephyr/libzephyr.a(heap.c.obj)
 .text.sys_heap_init
                0x0000000000007e58       0xb0 zephyr/libzephyr.a(heap.c.obj)
                0x0000000000007e58                sys_heap_init
 .text.cbpprintf_external
                0x0000000000007f08       0x62 zephyr/libzephyr.a(cbprintf_packaged.c.obj)
                0x0000000000007f08                cbpprintf_external
 .text.is_ptr   0x0000000000007f6a       0x4a zephyr/libzephyr.a(cbprintf_packaged.c.obj)
                0x0000000000007f6a                is_ptr
 .text.arch_printk_char_out
                0x0000000000007fb4        0x4 zephyr/libzephyr.a(printk.c.obj)
                0x0000000000007fb4                arch_printk_char_out
 .text.printk   0x0000000000007fb8       0x1a zephyr/libzephyr.a(printk.c.obj)
                0x0000000000007fb8                printk
 .text.free_space
                0x0000000000007fd2       0x26 zephyr/libzephyr.a(mpsc_pbuf.c.obj)
 .text.get_usage
                0x0000000000007ff8       0x22 zephyr/libzephyr.a(mpsc_pbuf.c.obj)
 .text.idx_inc  0x000000000000801a       0x1c zephyr/libzephyr.a(mpsc_pbuf.c.obj)
 .text.rd_idx_inc
                0x0000000000008036       0x18 zephyr/libzephyr.a(mpsc_pbuf.c.obj)
 .text.add_skip_item
                0x000000000000804e       0x3e zephyr/libzephyr.a(mpsc_pbuf.c.obj)
 .text.drop_item_locked
                0x000000000000808c      0x100 zephyr/libzephyr.a(mpsc_pbuf.c.obj)
 .text.post_drop_action
                0x000000000000818c       0x36 zephyr/libzephyr.a(mpsc_pbuf.c.obj)
 .text.max_utilization_update
                0x00000000000081c2       0x1a zephyr/libzephyr.a(mpsc_pbuf.c.obj)
 .text.mpsc_pbuf_init
                0x00000000000081dc       0x42 zephyr/libzephyr.a(mpsc_pbuf.c.obj)
                0x00000000000081dc                mpsc_pbuf_init
 .text.mpsc_pbuf_alloc
                0x000000000000821e       0xfe zephyr/libzephyr.a(mpsc_pbuf.c.obj)
                0x000000000000821e                mpsc_pbuf_alloc
 .text.mpsc_pbuf_commit
                0x000000000000831c       0x3e zephyr/libzephyr.a(mpsc_pbuf.c.obj)
                0x000000000000831c                mpsc_pbuf_commit
 .text.mpsc_pbuf_claim
                0x000000000000835a       0xa8 zephyr/libzephyr.a(mpsc_pbuf.c.obj)
                0x000000000000835a                mpsc_pbuf_claim
 .text.mpsc_pbuf_free
                0x0000000000008402       0x76 zephyr/libzephyr.a(mpsc_pbuf.c.obj)
                0x0000000000008402                mpsc_pbuf_free
 .text.mpsc_pbuf_is_pending
                0x0000000000008478       0x32 zephyr/libzephyr.a(mpsc_pbuf.c.obj)
                0x0000000000008478                mpsc_pbuf_is_pending
 .text.process_recheck
                0x00000000000084aa       0x38 zephyr/libzephyr.a(onoff.c.obj)
 .text.validate_args
                0x00000000000084e2       0x20 zephyr/libzephyr.a(onoff.c.obj)
 .text.notify_one
                0x0000000000008502       0x2c zephyr/libzephyr.a(onoff.c.obj)
 .text.transition_complete
                0x000000000000852e       0x1a zephyr/libzephyr.a(onoff.c.obj)
 .text.onoff_manager_init
                0x0000000000008548       0x26 zephyr/libzephyr.a(onoff.c.obj)
                0x0000000000008548                onoff_manager_init
 .text.onoff_request
                0x000000000000856e       0xae zephyr/libzephyr.a(onoff.c.obj)
                0x000000000000856e                onoff_request
 .text.sys_notify_validate
                0x000000000000861c       0x22 zephyr/libzephyr.a(notify.c.obj)
                0x000000000000861c                sys_notify_validate
 .text.sys_notify_finalize
                0x000000000000863e       0x1a zephyr/libzephyr.a(notify.c.obj)
                0x000000000000863e                sys_notify_finalize
 .text._ConfigAbsSyms
                0x0000000000008658        0x2 zephyr/libzephyr.a(configs.c.obj)
                0x0000000000008658                _ConfigAbsSyms
 .text.log_msg_generic_get_wlen
                0x000000000000865a       0x20 zephyr/libzephyr.a(log_core.c.obj)
 .text.dummy_timestamp
                0x000000000000867a        0x4 zephyr/libzephyr.a(log_core.c.obj)
 .text.default_get_timestamp
                0x000000000000867e        0x4 zephyr/libzephyr.a(log_core.c.obj)
 .text.atomic_inc
                0x0000000000008682       0x12 zephyr/libzephyr.a(log_core.c.obj)
 .text.z_log_vprintk
                0x0000000000008694       0x1c zephyr/libzephyr.a(log_core.c.obj)
                0x0000000000008694                z_log_vprintk
 .text.z_log_notify_drop
                0x00000000000086b0        0x6 zephyr/libzephyr.a(log_core.c.obj)
 .text.z_log_get_tag
                0x00000000000086b6        0x4 zephyr/libzephyr.a(log_core.c.obj)
                0x00000000000086b6                z_log_get_tag
 .text.log_backend_enable
                0x00000000000086ba       0x12 zephyr/libzephyr.a(log_mgmt.c.obj)
                0x00000000000086ba                log_backend_enable
 .text.z_cbprintf_cpy
                0x00000000000086cc       0x2e zephyr/libzephyr.a(log_msg.c.obj)
 .text.z_log_msg_finalize
                0x00000000000086fa       0x32 zephyr/libzephyr.a(log_msg.c.obj)
                0x00000000000086fa                z_log_msg_finalize
 .text.z_log_msg_simple_create
                0x000000000000872c       0x6e zephyr/libzephyr.a(log_msg.c.obj)
 .text.z_impl_z_log_msg_simple_create_0
                0x000000000000879a       0x12 zephyr/libzephyr.a(log_msg.c.obj)
                0x000000000000879a                z_impl_z_log_msg_simple_create_0
 .text.z_impl_z_log_msg_simple_create_1
                0x00000000000087ac       0x14 zephyr/libzephyr.a(log_msg.c.obj)
                0x00000000000087ac                z_impl_z_log_msg_simple_create_1
 .text.log_output_write
                0x00000000000087c0       0x1c zephyr/libzephyr.a(log_output.c.obj)
 .text.log_output_flush
                0x00000000000087dc       0x1a zephyr/libzephyr.a(log_output.c.obj)
 .text.out_func
                0x00000000000087f6       0x2e zephyr/libzephyr.a(log_output.c.obj)
 .text.cr_out_func
                0x0000000000008824       0x1c zephyr/libzephyr.a(log_output.c.obj)
 .text.log_output_msg_process
                0x0000000000008840       0x6a zephyr/libzephyr.a(log_output.c.obj)
                0x0000000000008840                log_output_msg_process
 .text.format_set
                0x00000000000088aa        0xc zephyr/libzephyr.a(log_backend_uart.c.obj)
 .text.log_backend_uart_init
                0x00000000000088b6        0xc zephyr/libzephyr.a(log_backend_uart.c.obj)
 .text.dropped  0x00000000000088c2        0xa zephyr/libzephyr.a(log_backend_uart.c.obj)
 .text.process  0x00000000000088cc       0x1e zephyr/libzephyr.a(log_backend_uart.c.obj)
 .text.pm_device_state_get
                0x00000000000088ea       0x12 zephyr/libzephyr.a(device.c.obj)
                0x00000000000088ea                pm_device_state_get
 .text.pm_device_is_powered
                0x00000000000088fc       0x18 zephyr/libzephyr.a(device.c.obj)
                0x00000000000088fc                pm_device_is_powered
 .text.pm_device_driver_init
                0x0000000000008914       0x40 zephyr/libzephyr.a(device.c.obj)
                0x0000000000008914                pm_device_driver_init
 .text.pm_device_driver_deinit
                0x0000000000008954       0x14 zephyr/libzephyr.a(device.c.obj)
                0x0000000000008954                pm_device_driver_deinit
 .text.arch_early_memset
                0x0000000000008968        0x4 zephyr/arch/common/libarch__common.a(init.c.obj)
                0x0000000000008968                arch_early_memset
 .text.arch_early_memcpy
                0x000000000000896c        0x4 zephyr/arch/common/libarch__common.a(init.c.obj)
                0x000000000000896c                arch_early_memcpy
 .text.z_do_kernel_oops
                0x0000000000008970        0x8 zephyr/arch/arch/arm/core/libarch__arm__core.a(fatal.c.obj)
                0x0000000000008970                z_do_kernel_oops
 .text.z_arm_nmi
                0x0000000000008978        0xe zephyr/arch/arch/arm/core/libarch__arm__core.a(nmi.c.obj)
                0x0000000000008978                z_arm_nmi
 .text.z_log_msg_simple_create_0.constprop.0
                0x0000000000008986        0x8 zephyr/arch/arch/arm/core/cortex_m/libarch__arm__core__cortex_m.a(fault.c.obj)
 .text.z_irq_spurious
                0x000000000000898e        0x8 zephyr/arch/arch/arm/core/cortex_m/libarch__arm__core__cortex_m.a(irq_manage.c.obj)
                0x000000000000898e                z_irq_spurious
 .text.configure_builtin_stack_guard
                0x0000000000008996        0x8 zephyr/arch/arch/arm/core/cortex_m/libarch__arm__core__cortex_m.a(thread.c.obj)
                0x0000000000008996                configure_builtin_stack_guard
 .text.arch_coprocessors_disable
                0x000000000000899e        0x6 zephyr/arch/arch/arm/core/cortex_m/libarch__arm__core__cortex_m.a(thread.c.obj)
                0x000000000000899e                arch_coprocessors_disable
 .text.arch_irq_unlock_outlined
                0x00000000000089a4        0xe zephyr/arch/arch/arm/core/cortex_m/libarch__arm__core__cortex_m.a(thread.c.obj)
                0x00000000000089a4                arch_irq_unlock_outlined
 .text.arch_cpu_idle
                0x00000000000089b2       0x1a zephyr/arch/arch/arm/core/cortex_m/libarch__arm__core__cortex_m.a(cpu_idle.c.obj)
                0x00000000000089b2                arch_cpu_idle
 .text.arch_cpu_atomic_idle
                0x00000000000089cc       0x1e zephyr/arch/arch/arm/core/cortex_m/libarch__arm__core__cortex_m.a(cpu_idle.c.obj)
                0x00000000000089cc                arch_cpu_atomic_idle
 .text.arm_cmse_mpu_region_get
                0x00000000000089ea       0x12 zephyr/arch/arch/arm/core/cortex_m/cmse/libarch__arm__core__cortex_m__cmse.a(arm_core_cmse.c.obj)
                0x00000000000089ea                arm_cmse_mpu_region_get
 .text.mpu_configure_region
                0x00000000000089fc       0x32 zephyr/arch/arch/arm/core/mpu/libarch__arm__core__mpu.a(arm_mpu.c.obj)
 .text.cbputc   0x0000000000008a2e        0xc zephyr/lib/libc/picolibc/liblib__libc__picolibc.a(cbprintf.c.obj)
 .text.picolibc_put
                0x0000000000008a3a        0xa zephyr/lib/libc/picolibc/liblib__libc__picolibc.a(stdio.c.obj)
 .text.get_status
                0x0000000000008a44       0x12 zephyr/drivers/clock_control/libdrivers__clock_control.a(clock_control_nrf.c.obj)
 .text.stop     0x0000000000008a56       0x50 zephyr/drivers/clock_control/libdrivers__clock_control.a(clock_control_nrf.c.obj)
 .text.api_stop
                0x0000000000008aa6        0x6 zephyr/drivers/clock_control/libdrivers__clock_control.a(clock_control_nrf.c.obj)
 .text.async_start
                0x0000000000008aac       0x5a zephyr/drivers/clock_control/libdrivers__clock_control.a(clock_control_nrf.c.obj)
 .text.api_start
                0x0000000000008b06        0xe zephyr/drivers/clock_control/libdrivers__clock_control.a(clock_control_nrf.c.obj)
 .text.onoff_started_callback
                0x0000000000008b14       0x12 zephyr/drivers/clock_control/libdrivers__clock_control.a(clock_control_nrf.c.obj)
 .text.lfclk_start
                0x0000000000008b26        0x6 zephyr/drivers/clock_control/libdrivers__clock_control.a(clock_control_nrf.c.obj)
 .text.lfclk_stop
                0x0000000000008b2c        0x6 zephyr/drivers/clock_control/libdrivers__clock_control.a(clock_control_nrf.c.obj)
 .text.blocking_start_callback
                0x0000000000008b32        0x6 zephyr/drivers/clock_control/libdrivers__clock_control.a(clock_control_nrf.c.obj)
 .text.clock_event_handler
                0x0000000000008b38       0x14 zephyr/drivers/clock_control/libdrivers__clock_control.a(clock_control_nrf.c.obj)
 .text.gpio_nrfx_port_get_raw
                0x0000000000008b4c        0xc zephyr/drivers/gpio/libdrivers__gpio.a(gpio_nrfx.c.obj)
 .text.gpio_nrfx_port_set_masked_raw
                0x0000000000008b58       0x14 zephyr/drivers/gpio/libdrivers__gpio.a(gpio_nrfx.c.obj)
 .text.gpio_nrfx_port_set_bits_raw
                0x0000000000008b6c        0xa zephyr/drivers/gpio/libdrivers__gpio.a(gpio_nrfx.c.obj)
 .text.gpio_nrfx_port_clear_bits_raw
                0x0000000000008b76        0xa zephyr/drivers/gpio/libdrivers__gpio.a(gpio_nrfx.c.obj)
 .text.gpio_nrfx_port_toggle_bits
                0x0000000000008b80       0x14 zephyr/drivers/gpio/libdrivers__gpio.a(gpio_nrfx.c.obj)
 .text.gpio_nrfx_manage_callback
                0x0000000000008b94       0x52 zephyr/drivers/gpio/libdrivers__gpio.a(gpio_nrfx.c.obj)
 .text.gpio_nrfx_pm_hook
                0x0000000000008be6        0xc zephyr/drivers/gpio/libdrivers__gpio.a(gpio_nrfx.c.obj)
 .text.ws2812_strip_length
                0x0000000000008bf2        0x6 zephyr/drivers/led_strip/libdrivers__led_strip.a(ws2812_spi.c.obj)
 .text.ws2812_strip_update_rgb
                0x0000000000008bf8       0xa8 zephyr/drivers/led_strip/libdrivers__led_strip.a(ws2812_spi.c.obj)
 .text.pinctrl_lookup_state
                0x0000000000008ca0       0x26 zephyr/drivers/pinctrl/libdrivers__pinctrl.a(common.c.obj)
                0x0000000000008ca0                pinctrl_lookup_state
 .text.regulator_delay
                0x0000000000008cc6       0x18 zephyr/drivers/regulator/libdrivers__regulator.a(regulator_common.c.obj)
 .text.regulator_common_data_init
                0x0000000000008cde       0x10 zephyr/drivers/regulator/libdrivers__regulator.a(regulator_common.c.obj)
                0x0000000000008cde                regulator_common_data_init
 .text.regulator_disable
                0x0000000000008cee       0x54 zephyr/drivers/regulator/libdrivers__regulator.a(regulator_common.c.obj)
                0x0000000000008cee                regulator_disable
 .text.regulator_set_voltage
                0x0000000000008d42       0x28 zephyr/drivers/regulator/libdrivers__regulator.a(regulator_common.c.obj)
                0x0000000000008d42                regulator_set_voltage
 .text.regulator_set_current_limit
                0x0000000000008d6a       0x28 zephyr/drivers/regulator/libdrivers__regulator.a(regulator_common.c.obj)
                0x0000000000008d6a                regulator_set_current_limit
 .text.regulator_set_mode
                0x0000000000008d92       0x3e zephyr/drivers/regulator/libdrivers__regulator.a(regulator_common.c.obj)
                0x0000000000008d92                regulator_set_mode
 .text.regulator_common_init
                0x0000000000008dd0       0xf4 zephyr/drivers/regulator/libdrivers__regulator.a(regulator_common.c.obj)
                0x0000000000008dd0                regulator_common_init
 .text.gpio_pin_set
                0x0000000000008ec4       0x20 zephyr/drivers/regulator/libdrivers__regulator.a(regulator_fixed.c.obj)
 .text.regulator_fixed_enable
                0x0000000000008ee4       0x1e zephyr/drivers/regulator/libdrivers__regulator.a(regulator_fixed.c.obj)
 .text.regulator_fixed_count_voltages
                0x0000000000008f02        0xe zephyr/drivers/regulator/libdrivers__regulator.a(regulator_fixed.c.obj)
 .text.regulator_fixed_list_voltage
                0x0000000000008f10       0x1a zephyr/drivers/regulator/libdrivers__regulator.a(regulator_fixed.c.obj)
 .text.regulator_fixed_disable
                0x0000000000008f2a       0x16 zephyr/drivers/regulator/libdrivers__regulator.a(regulator_fixed.c.obj)
 .text.uarte_nrfx_isr_int
                0x0000000000008f40        0xa zephyr/drivers/serial/libdrivers__serial.a(uart_nrfx_uarte.c.obj)
 .text.uarte_nrfx_err_check
                0x0000000000008f4a        0xe zephyr/drivers/serial/libdrivers__serial.a(uart_nrfx_uarte.c.obj)
 .text.uarte_nrfx_poll_in
                0x0000000000008f58       0x26 zephyr/drivers/serial/libdrivers__serial.a(uart_nrfx_uarte.c.obj)
 .text.pinctrl_apply_state.isra.0
                0x0000000000008f7e       0x1e zephyr/drivers/serial/libdrivers__serial.a(uart_nrfx_uarte.c.obj)
 .text.uarte_21_init
                0x0000000000008f9c       0x1e zephyr/drivers/serial/libdrivers__serial.a(uart_nrfx_uarte.c.obj)
 .text.uarte_20_init
                0x0000000000008fba       0x1e zephyr/drivers/serial/libdrivers__serial.a(uart_nrfx_uarte.c.obj)
 .text.uarte_nrfx_pm_action
                0x0000000000008fd8       0xc2 zephyr/drivers/serial/libdrivers__serial.a(uart_nrfx_uarte.c.obj)
 .text.z_log_msg_simple_create_0
                0x000000000000909a        0x4 zephyr/drivers/spi/libdrivers__spi.a(spi_nrfx_spim.c.obj)
 .text.spi_nrfx_deinit
                0x000000000000909e       0x22 zephyr/drivers/spi/libdrivers__spi.a(spi_nrfx_spim.c.obj)
 .text.irq_connect00
                0x00000000000090c0        0xa zephyr/drivers/spi/libdrivers__spi.a(spi_nrfx_spim.c.obj)
 .text.spi_context_get_next_buf.constprop.0
                0x00000000000090ca       0x26 zephyr/drivers/spi/libdrivers__spi.a(spi_nrfx_spim.c.obj)
 .text.pinctrl_apply_state.isra.0
                0x00000000000090f0       0x1e zephyr/drivers/spi/libdrivers__spi.a(spi_nrfx_spim.c.obj)
 .text.gpio_pin_set_dt.isra.0
                0x000000000000910e       0x28 zephyr/drivers/spi/libdrivers__spi.a(spi_nrfx_spim.c.obj)
 .text.spim_nrfx_pm_action
                0x0000000000009136       0x38 zephyr/drivers/spi/libdrivers__spi.a(spi_nrfx_spim.c.obj)
 .text._spi_context_cs_control
                0x000000000000916e       0x40 zephyr/drivers/spi/libdrivers__spi.a(spi_nrfx_spim.c.obj)
 .text.spi_context_unlock_unconditionally
                0x00000000000091ae       0x20 zephyr/drivers/spi/libdrivers__spi.a(spi_nrfx_spim.c.obj)
 .text.spi_nrfx_release
                0x00000000000091ce       0x24 zephyr/drivers/spi/libdrivers__spi.a(spi_nrfx_spim.c.obj)
 .text.finish_transaction
                0x00000000000091f2       0x22 zephyr/drivers/spi/libdrivers__spi.a(spi_nrfx_spim.c.obj)
 .text.spi_nrfx_wake_request
                0x0000000000009214       0x50 zephyr/drivers/spi/libdrivers__spi.a(spi_nrfx_common.c.obj)
                0x0000000000009214                spi_nrfx_wake_request
 .text.counter  0x0000000000009264       0x12 zephyr/drivers/timer/libdrivers__timer.a(nrf_grtc_timer.c.obj)
 .text.sys_clock_cycle_get_32
                0x0000000000009276       0x1e zephyr/drivers/timer/libdrivers__timer.a(nrf_grtc_timer.c.obj)
                0x0000000000009276                sys_clock_cycle_get_32
 .text._psa_crypto_init
                0x0000000000009294       0x1e modules/nrf/subsys/nrf_security/src/zephyr/libmbedtls_zephyr.a(psa_crypto_init.c.obj)
 .text.nrfx_isr
                0x00000000000092b2        0x2 modules/hal_nordic/modules/hal_nordic/nrfx/libmodules__hal_nordic__nrfx.a(nrfx_glue.c.obj)
                0x00000000000092b2                nrfx_isr
 .text.nrfx_busy_wait
                0x00000000000092b4        0x4 modules/hal_nordic/modules/hal_nordic/nrfx/libmodules__hal_nordic__nrfx.a(nrfx_glue.c.obj)
                0x00000000000092b4                nrfx_busy_wait
 .text.nrfx_clock_stop
                0x00000000000092b8        0x4 modules/hal_nordic/modules/hal_nordic/nrfx/libmodules__hal_nordic__nrfx.a(nrfx_clock.c.obj)
                0x00000000000092b8                nrfx_clock_stop
 .text.nrf_gpio_reconfigure
                0x00000000000092bc       0x92 modules/hal_nordic/modules/hal_nordic/nrfx/libmodules__hal_nordic__nrfx.a(nrfx_gpiote.c.obj)
 .text.nrf_gpio_cfg_sense_set
                0x000000000000934e       0x1e modules/hal_nordic/modules/hal_nordic/nrfx/libmodules__hal_nordic__nrfx.a(nrfx_gpiote.c.obj)
 .text.call_handler
                0x000000000000936c       0x3e modules/hal_nordic/modules/hal_nordic/nrfx/libmodules__hal_nordic__nrfx.a(nrfx_gpiote.c.obj)
 .text.pin_in_event_get
                0x00000000000093aa       0x24 modules/hal_nordic/modules/hal_nordic/nrfx/libmodules__hal_nordic__nrfx.a(nrfx_gpiote.c.obj)
 .text.__nrfy_internal_gpiote_events_process
                0x00000000000093ce       0x4e modules/hal_nordic/modules/hal_nordic/nrfx/libmodules__hal_nordic__nrfx.a(nrfx_gpiote.c.obj)
 .text.pin_trigger_disable
                0x000000000000941c       0x4a modules/hal_nordic/modules/hal_nordic/nrfx/libmodules__hal_nordic__nrfx.a(nrfx_gpiote.c.obj)
 .text.nrfx_gpiote_pin_uninit
                0x0000000000009466        0x4 modules/hal_nordic/modules/hal_nordic/nrfx/libmodules__hal_nordic__nrfx.a(nrfx_gpiote.c.obj)
                0x0000000000009466                nrfx_gpiote_pin_uninit
 .text.nrfx_gpiote_trigger_disable
                0x000000000000946a        0x4 modules/hal_nordic/modules/hal_nordic/nrfx/libmodules__hal_nordic__nrfx.a(nrfx_gpiote.c.obj)
                0x000000000000946a                nrfx_gpiote_trigger_disable
 .text.nrfx_gpiote_in_event_get
                0x000000000000946e        0x4 modules/hal_nordic/modules/hal_nordic/nrfx/libmodules__hal_nordic__nrfx.a(nrfx_gpiote.c.obj)
                0x000000000000946e                nrfx_gpiote_in_event_get
 .text.nrfx_power_clock_irq_handler
                0x0000000000009472        0xe modules/hal_nordic/modules/hal_nordic/nrfx/libmodules__hal_nordic__nrfx.a(nrfx_power.c.obj)
                0x0000000000009472                nrfx_power_clock_irq_handler
 .text.nrfx_rramc_write_enable_set
                0x0000000000009480        0x6 modules/hal_nordic/modules/hal_nordic/nrfx/libmodules__hal_nordic__nrfx.a(nrfx_rramc.c.obj)
                0x0000000000009480                nrfx_rramc_write_enable_set
 .text.__nrfy_internal_spim_event_handle
                0x0000000000009486       0x2a modules/hal_nordic/modules/hal_nordic/nrfx/libmodules__hal_nordic__nrfx.a(nrfx_spim.c.obj)
 .text.__nrfy_internal_spim_events_process
                0x00000000000094b0       0x7c modules/hal_nordic/modules/hal_nordic/nrfx/libmodules__hal_nordic__nrfx.a(nrfx_spim.c.obj)
 .text.nrf_gpio_pin_set
                0x000000000000952c       0x18 modules/hal_nordic/modules/hal_nordic/nrfx/libmodules__hal_nordic__nrfx.a(nrfx_spim.c.obj)
 .text.nrf_gpio_pin_clear
                0x0000000000009544       0x18 modules/hal_nordic/modules/hal_nordic/nrfx/libmodules__hal_nordic__nrfx.a(nrfx_spim.c.obj)
 .text.spim_abort
                0x000000000000955c       0x32 modules/hal_nordic/modules/hal_nordic/nrfx/libmodules__hal_nordic__nrfx.a(nrfx_spim.c.obj)
 .text.z_impl_k_busy_wait
                0x000000000000958e        0x8 zephyr/kernel/libkernel.a(busy_wait.c.obj)
                0x000000000000958e                z_impl_k_busy_wait
 .text.do_device_init
                0x0000000000009596       0x30 zephyr/kernel/libkernel.a(device.c.obj)
                0x0000000000009596                do_device_init
 .text.z_impl_device_is_ready
                0x00000000000095c6       0x16 zephyr/kernel/libkernel.a(device.c.obj)
                0x00000000000095c6                z_impl_device_is_ready
 .text.arch_system_halt
                0x00000000000095dc       0x10 zephyr/kernel/libkernel.a(fatal.c.obj)
                0x00000000000095dc                arch_system_halt
 .text.idle     0x00000000000095ec       0x16 zephyr/kernel/libkernel.a(idle.c.obj)
                0x00000000000095ec                idle
 .text.adjust_owner_prio.isra.0
                0x0000000000009602       0x10 zephyr/kernel/libkernel.a(mutex.c.obj)
 .text.z_impl_k_mutex_init
                0x0000000000009612        0xe zephyr/kernel/libkernel.a(mutex.c.obj)
                0x0000000000009612                z_impl_k_mutex_init
 .text.z_impl_k_sem_init
                0x0000000000009620       0x18 zephyr/kernel/libkernel.a(sem.c.obj)
                0x0000000000009620                z_impl_k_sem_init
 .text.k_is_in_isr
                0x0000000000009638        0xc zephyr/kernel/libkernel.a(thread.c.obj)
                0x0000000000009638                k_is_in_isr
 .text.z_impl_k_thread_name_set
                0x0000000000009644        0x6 zephyr/kernel/libkernel.a(thread.c.obj)
                0x0000000000009644                z_impl_k_thread_name_set
 .text.k_thread_name_get
                0x000000000000964a        0x4 zephyr/kernel/libkernel.a(thread.c.obj)
                0x000000000000964a                k_thread_name_get
 .text.sys_dlist_remove
                0x000000000000964e       0x10 zephyr/kernel/libkernel.a(sched.c.obj)
 .text.unpend_thread_no_timeout
                0x000000000000965e       0x14 zephyr/kernel/libkernel.a(sched.c.obj)
 .text.add_to_waitq_locked
                0x0000000000009672       0x50 zephyr/kernel/libkernel.a(sched.c.obj)
 .text.z_ready_thread
                0x00000000000096c2       0x1e zephyr/kernel/libkernel.a(sched.c.obj)
                0x00000000000096c2                z_ready_thread
 .text.z_unpend_thread_no_timeout
                0x00000000000096e0       0x22 zephyr/kernel/libkernel.a(sched.c.obj)
                0x00000000000096e0                z_unpend_thread_no_timeout
 .text.z_sched_wake_thread
                0x0000000000009702       0x46 zephyr/kernel/libkernel.a(sched.c.obj)
                0x0000000000009702                z_sched_wake_thread
 .text.z_thread_timeout
                0x0000000000009748        0x8 zephyr/kernel/libkernel.a(sched.c.obj)
                0x0000000000009748                z_thread_timeout
 .text.z_unpend1_no_timeout
                0x0000000000009750       0x2c zephyr/kernel/libkernel.a(sched.c.obj)
                0x0000000000009750                z_unpend1_no_timeout
 .text.z_impl_k_usleep
                0x000000000000977c       0x1a zephyr/kernel/libkernel.a(sched.c.obj)
                0x000000000000977c                z_impl_k_usleep
 .text.z_sched_waitq_walk
                0x0000000000009796       0x44 zephyr/kernel/libkernel.a(sched.c.obj)
                0x0000000000009796                z_sched_waitq_walk
 .text.next_timeout
                0x00000000000097da       0x2e zephyr/kernel/libkernel.a(timeout.c.obj)
 .text.z_abort_timeout
                0x0000000000009808       0x50 zephyr/kernel/libkernel.a(timeout.c.obj)
                0x0000000000009808                z_abort_timeout
 .text.sys_clock_tick_get_32
                0x0000000000009858        0x8 zephyr/kernel/libkernel.a(timeout.c.obj)
                0x0000000000009858                sys_clock_tick_get_32
 .text.z_impl_k_uptime_ticks
                0x0000000000009860        0x4 zephyr/kernel/libkernel.a(timeout.c.obj)
                0x0000000000009860                z_impl_k_uptime_ticks
 .text.k_timer_init
                0x0000000000009864       0x18 zephyr/kernel/libkernel.a(timer.c.obj)
                0x0000000000009864                k_timer_init
 .text.z_impl_k_timer_stop
                0x000000000000987c       0x38 zephyr/kernel/libkernel.a(timer.c.obj)
                0x000000000000987c                z_impl_k_timer_stop
 .text.psa_remove_key_data_from_memory
                0x00000000000098b4       0x16 modules/nrf/subsys/nrf_security/src/core/nrf_oberon/libpsa_core.a(psa_crypto.c.obj)
                0x00000000000098b4                psa_remove_key_data_from_memory
 .text.psa_wipe_key_slot
                0x00000000000098ca       0x3a modules/nrf/subsys/nrf_security/src/core/nrf_oberon/libpsa_core.a(psa_crypto.c.obj)
                0x00000000000098ca                psa_wipe_key_slot
 .text.psa_driver_wrapper_init
                0x0000000000009904        0x4 modules/nrf/subsys/nrf_security/src/core/nrf_oberon/libpsa_core.a(psa_crypto_driver_wrappers.c.obj)
                0x0000000000009904                psa_driver_wrapper_init
 .text.psa_driver_wrapper_free
                0x0000000000009908        0x2 modules/nrf/subsys/nrf_security/src/core/nrf_oberon/libpsa_core.a(psa_crypto_driver_wrappers.c.obj)
                0x0000000000009908                psa_driver_wrapper_free
 .text.psa_driver_wrapper_init_random
                0x000000000000990a        0x4 modules/nrf/subsys/nrf_security/src/core/nrf_oberon/libpsa_core.a(psa_crypto_driver_wrappers.c.obj)
                0x000000000000990a                psa_driver_wrapper_init_random
 .text.psa_driver_wrapper_free_random
                0x000000000000990e        0x4 modules/nrf/subsys/nrf_security/src/core/nrf_oberon/libpsa_core.a(psa_crypto_driver_wrappers.c.obj)
                0x000000000000990e                psa_driver_wrapper_free_random
 .text.platform_free_uninit
                0x0000000000009912        0x2 modules/nrf/subsys/nrf_security/src/core/nrf_oberon/libpsa_core.a(platform.c.obj)
 .text.mbedtls_zeroize_and_free
                0x0000000000009914       0x14 modules/nrf/subsys/nrf_security/src/core/nrf_oberon/libpsa_core.a(platform_util.c.obj)
                0x0000000000009914                mbedtls_zeroize_and_free
 .text.silex_statuscodes_to_psa
                0x0000000000009928       0xbc modules/nrf/subsys/nrf_security/src/drivers/cracen/libcracen_psa_driver.a(common.c.obj)
                0x0000000000009928                silex_statuscodes_to_psa
 .text.cracen_xorbytes
                0x00000000000099e4       0x1a modules/nrf/subsys/nrf_security/src/drivers/cracen/libcracen_psa_driver.a(common.c.obj)
                0x00000000000099e4                cracen_xorbytes
 .text.cracen_be_add
                0x00000000000099fe       0x14 modules/nrf/subsys/nrf_security/src/drivers/cracen/libcracen_psa_driver.a(common.c.obj)
                0x00000000000099fe                cracen_be_add
 .text.safe_memset
                0x0000000000009a12       0x16 modules/nrf/subsys/nrf_security/src/drivers/cracen/libcracen_psa_driver.a(mem_helpers.c.obj)
                0x0000000000009a12                safe_memset
 .text.safe_memzero
                0x0000000000009a28       0x18 modules/nrf/subsys/nrf_security/src/drivers/cracen/libcracen_psa_driver.a(mem_helpers.c.obj)
                0x0000000000009a28                safe_memzero
 .text.psa_extend_key_usage_flags
                0x0000000000009a40       0x1a modules/nrf/subsys/nrf_security/src/drivers/cracen/libcracen_psa_driver.a(ctr_drbg.c.obj)
 .text.trng_get_entropy
                0x0000000000009a5a       0x50 modules/nrf/subsys/nrf_security/src/drivers/cracen/libcracen_psa_driver.a(ctr_drbg.c.obj)
 .text.lib_kmu_is_slot_empty
                0x0000000000009aaa       0x14 modules/nrf/subsys/nrf_security/src/drivers/cracen/libcracen_psa_driver.a(lib_kmu.c.obj)
                0x0000000000009aaa                lib_kmu_is_slot_empty
 .text.psa_set_key_usage_flags
                0x0000000000009abe       0x14 modules/nrf/subsys/nrf_security/src/drivers/cracen/libcracen_psa_driver.a(kmu.c.obj)
 .text.set_provisioning_in_progress
                0x0000000000009ad2       0x30 modules/nrf/subsys/nrf_security/src/drivers/cracen/libcracen_psa_driver.a(kmu.c.obj)
 .text.clean_up_unfinished_provisioning
                0x0000000000009b02       0x46 modules/nrf/subsys/nrf_security/src/drivers/cracen/libcracen_psa_driver.a(kmu.c.obj)
 .text.sx_cmdma_reset
                0x0000000000009b48       0x42 modules/nrf/subsys/nrf_security/src/drivers/cracen/libcracen_psa_driver.a(cmdma.c.obj)
                0x0000000000009b48                sx_cmdma_reset
 .text.sx_cmdma_check
                0x0000000000009b8a       0x4e modules/nrf/subsys/nrf_security/src/drivers/cracen/libcracen_psa_driver.a(cmdma.c.obj)
                0x0000000000009b8a                sx_cmdma_check
 .text.sx_trng_close
                0x0000000000009bd8       0x14 modules/nrf/subsys/nrf_security/src/drivers/cracen/libcracen_psa_driver.a(trng.c.obj)
                0x0000000000009bd8                sx_trng_close
 .text.sx_clear_interrupt
                0x0000000000009bec        0x8 modules/nrf/subsys/nrf_security/src/drivers/cracen/libcracen_psa_driver.a(pk_baremetal.c.obj)
                0x0000000000009bec                sx_clear_interrupt
 .text.convert_ba414_capabilities
                0x0000000000009bf4       0x4c modules/nrf/subsys/nrf_security/src/drivers/cracen/libcracen_psa_driver.a(ba414_status.c.obj)
                0x0000000000009bf4                convert_ba414_capabilities
 .text.mbedtls_mutex_unlock_fn
                0x0000000000009c40        0x4 modules/nrf/subsys/nrf_security/src/libmbedcrypto_base.a(threading_alt.c.obj)
                0x0000000000009c40                mbedtls_mutex_unlock_fn
 .text.mbedtls_mutex_lock_fn
                0x0000000000009c44        0xc modules/nrf/subsys/nrf_security/src/libmbedcrypto_base.a(threading_alt.c.obj)
                0x0000000000009c44                mbedtls_mutex_lock_fn
 .text.nrf_security_mutex_lock
                0x0000000000009c50        0xc modules/nrf/subsys/nrf_security/src/libnrf_security_utils.a(nrf_security_mutexes.c.obj)
                0x0000000000009c50                nrf_security_mutex_lock
 .text.nrf_security_mutex_unlock
                0x0000000000009c5c        0x4 modules/nrf/subsys/nrf_security/src/libnrf_security_utils.a(nrf_security_mutexes.c.obj)
                0x0000000000009c5c                nrf_security_mutex_unlock
 .text.nrf_security_event_init
                0x0000000000009c60        0x4 modules/nrf/subsys/nrf_security/src/libnrf_security_utils.a(nrf_security_events.c.obj)
                0x0000000000009c60                nrf_security_event_init
 .text.nrf_security_event_wait
                0x0000000000009c64       0x1a modules/nrf/subsys/nrf_security/src/libnrf_security_utils.a(nrf_security_events.c.obj)
                0x0000000000009c64                nrf_security_event_wait
 .text.nrf_security_event_clear
                0x0000000000009c7e        0x4 modules/nrf/subsys/nrf_security/src/libnrf_security_utils.a(nrf_security_events.c.obj)
                0x0000000000009c7e                nrf_security_event_clear
 .text.nrf_security_event_set
                0x0000000000009c82        0x4 modules/nrf/subsys/nrf_security/src/libnrf_security_utils.a(nrf_security_events.c.obj)
                0x0000000000009c82                nrf_security_event_set
 .text.k_event_wait_internal
                0x0000000000009c86       0x86 zephyr/kernel/libkernel.a(events.c.obj)
 .text.event_walk_op
                0x0000000000009d0c       0x3c zephyr/kernel/libkernel.a(events.c.obj)
 .text.z_impl_k_event_init
                0x0000000000009d48        0xa zephyr/kernel/libkernel.a(events.c.obj)
                0x0000000000009d48                z_impl_k_event_init
 .text.z_impl_k_event_set
                0x0000000000009d52        0x8 zephyr/kernel/libkernel.a(events.c.obj)
                0x0000000000009d52                z_impl_k_event_set
 .text.z_impl_k_event_clear
                0x0000000000009d5a        0x8 zephyr/kernel/libkernel.a(events.c.obj)
                0x0000000000009d5a                z_impl_k_event_clear
 .text.z_impl_k_event_wait
                0x0000000000009d62        0x6 zephyr/kernel/libkernel.a(events.c.obj)
                0x0000000000009d62                z_impl_k_event_wait
 .text.memcpy   0x0000000000009d68       0x1a c:\ncs\toolchains\c1a76fddb2\opt\zephyr-sdk\arm-zephyr-eabi\bin\../lib/gcc/../../picolibc/arm-zephyr-eabi/lib/thumb/v8-m.main/nofp\libc.a(memcpy.c.o)
                0x0000000000009d68                __aeabi_memcpy
                0x0000000000009d68                __aeabi_memcpy4
                0x0000000000009d68                __aeabi_memcpy8
                0x0000000000009d68                memcpy
 .text.memset   0x0000000000009d82       0x10 c:\ncs\toolchains\c1a76fddb2\opt\zephyr-sdk\arm-zephyr-eabi\bin\../lib/gcc/../../picolibc/arm-zephyr-eabi/lib/thumb/v8-m.main/nofp\libc.a(memset.c.o)
                0x0000000000009d82                memset
 .text.strnlen  0x0000000000009d92       0x18 c:\ncs\toolchains\c1a76fddb2\opt\zephyr-sdk\arm-zephyr-eabi\bin\../lib/gcc/../../picolibc/arm-zephyr-eabi/lib/thumb/v8-m.main/nofp\libc.a(libc_string_strnlen.c.o)
                0x0000000000009d92                strnlen
 .text.__ultoa_invert
                0x0000000000009daa       0xac c:\ncs\toolchains\c1a76fddb2\opt\zephyr-sdk\arm-zephyr-eabi\bin\../lib/gcc/../../picolibc/arm-zephyr-eabi/lib/thumb/v8-m.main/nofp\libc.a(libc_tinystdio_vflprintf.c.o)
 .text.__file_str_put
                0x0000000000009e56       0x10 c:\ncs\toolchains\c1a76fddb2\opt\zephyr-sdk\arm-zephyr-eabi\bin\../lib/gcc/../../picolibc/arm-zephyr-eabi/lib/thumb/v8-m.main/nofp\libc.a(libc_tinystdio_filestrput.c.o)
                0x0000000000009e56                __file_str_put
 *(SORT_BY_ALIGNMENT(.TEXT.*))
 *fill*         0x0000000000009e66        0x2 
 .TEXT.__aeabi_read_tp
                0x0000000000009e68        0xc zephyr/arch/arch/arm/core/cortex_m/libarch__arm__core__cortex_m.a(__aeabi_read_tp.S.obj)
                0x0000000000009e68                __aeabi_read_tp
 *(SORT_BY_ALIGNMENT(.gnu.linkonce.t.*))
 *(SORT_BY_ALIGNMENT(.glue_7t))
 .glue_7t       0x0000000000009e74        0x0 linker stubs
 *(SORT_BY_ALIGNMENT(.glue_7))
 .glue_7        0x0000000000009e74        0x0 linker stubs
 *(SORT_BY_ALIGNMENT(.vfp11_veneer))
 .vfp11_veneer  0x0000000000009e74        0x0 linker stubs
 *(SORT_BY_ALIGNMENT(.v4_bx))
 .v4_bx         0x0000000000009e74        0x0 linker stubs
                0x0000000000009e74                . = ALIGN (0x4)
                0x0000000000009e74                __text_region_end = .

.ARM.exidx      0x0000000000009e74        0x8
                0x0000000000009e74                __exidx_start = .
 *(SORT_BY_ALIGNMENT(.ARM.exidx*) SORT_BY_ALIGNMENT(gnu.linkonce.armexidx.*))
 .ARM.exidx     0x0000000000009e74        0x8 c:\ncs\toolchains\c1a76fddb2\opt\zephyr-sdk\arm-zephyr-eabi\bin\../lib/gcc/../../picolibc/arm-zephyr-eabi/lib/thumb/v8-m.main/nofp\libc.a(strlen.S.o)
 .ARM.exidx     0x0000000000009e7c        0x0 c:/ncs/toolchains/c1a76fddb2/opt/zephyr-sdk/arm-zephyr-eabi/bin/../lib/gcc/arm-zephyr-eabi/12.2.0/thumb/v8-m.main/nofp\libgcc.a(_udivmoddi4.o)
                                          0x8 (size before relaxing)
                0x0000000000009e7c                __exidx_end = .
                0x0000000000009e7c                __rodata_region_start = .

initlevel       0x0000000000009e7c       0x98
                0x0000000000009e7c                __init_start = .
                0x0000000000009e7c                __init_EARLY_start = .
 *(SORT_BY_NAME(SORT_BY_ALIGNMENT(.z_init_EARLY_P_?_*)))
 *(SORT_BY_NAME(SORT_BY_ALIGNMENT(.z_init_EARLY_P_??_*)))
 *(SORT_BY_NAME(SORT_BY_ALIGNMENT(.z_init_EARLY_P_???_*)))
                0x0000000000009e7c                __init_PRE_KERNEL_1_start = .
 *(SORT_BY_NAME(SORT_BY_ALIGNMENT(.z_init_PRE_KERNEL_1_P_?_*)))
 .z_init_PRE_KERNEL_1_P_0_SUB_0_
                0x0000000000009e7c        0x8 zephyr/soc/soc/nrf54l15/libsoc__nordic.a(soc.c.obj)
 *(SORT_BY_NAME(SORT_BY_ALIGNMENT(.z_init_PRE_KERNEL_1_P_??_*)))
 .z_init_PRE_KERNEL_1_P_30_SUB_00063_
                0x0000000000009e84        0x8 zephyr/drivers/clock_control/libdrivers__clock_control.a(clock_control_nrf.c.obj)
 .z_init_PRE_KERNEL_1_P_40_SUB_00010_
                0x0000000000009e8c        0x8 zephyr/drivers/gpio/libdrivers__gpio.a(gpio_nrfx.c.obj)
 .z_init_PRE_KERNEL_1_P_40_SUB_00013_
                0x0000000000009e94        0x8 zephyr/drivers/gpio/libdrivers__gpio.a(gpio_nrfx.c.obj)
 .z_init_PRE_KERNEL_1_P_40_SUB_00018_
                0x0000000000009e9c        0x8 zephyr/drivers/gpio/libdrivers__gpio.a(gpio_nrfx.c.obj)
 .z_init_PRE_KERNEL_1_P_50_SUB_00108_
                0x0000000000009ea4        0x8 zephyr/drivers/serial/libdrivers__serial.a(uart_nrfx_uarte.c.obj)
 .z_init_PRE_KERNEL_1_P_50_SUB_00109_
                0x0000000000009eac        0x8 zephyr/drivers/serial/libdrivers__serial.a(uart_nrfx_uarte.c.obj)
 .z_init_PRE_KERNEL_1_P_60_SUB_0_
                0x0000000000009eb4        0x8 zephyr/drivers/console/libdrivers__console.a(uart_console.c.obj)
 *(SORT_BY_NAME(SORT_BY_ALIGNMENT(.z_init_PRE_KERNEL_1_P_???_*)))
                0x0000000000009ebc                __init_PRE_KERNEL_2_start = .
 *(SORT_BY_NAME(SORT_BY_ALIGNMENT(.z_init_PRE_KERNEL_2_P_?_*)))
 .z_init_PRE_KERNEL_2_P_0_SUB_0_
                0x0000000000009ebc        0x8 zephyr/drivers/timer/libdrivers__timer.a(nrf_grtc_timer.c.obj)
 *(SORT_BY_NAME(SORT_BY_ALIGNMENT(.z_init_PRE_KERNEL_2_P_??_*)))
 *(SORT_BY_NAME(SORT_BY_ALIGNMENT(.z_init_PRE_KERNEL_2_P_???_*)))
                0x0000000000009ec4                __init_POST_KERNEL_start = .
 *(SORT_BY_NAME(SORT_BY_ALIGNMENT(.z_init_POST_KERNEL_P_?_*)))
 .z_init_POST_KERNEL_P_0_SUB_0_
                0x0000000000009ec4        0x8 zephyr/libzephyr.a(log_core.c.obj)
 *(SORT_BY_NAME(SORT_BY_ALIGNMENT(.z_init_POST_KERNEL_P_??_*)))
 .z_init_POST_KERNEL_P_35_SUB_0_
                0x0000000000009ecc        0x8 zephyr/lib/libc/common/liblib__libc__common.a(malloc.c.obj)
 .z_init_POST_KERNEL_P_41_SUB_0_
                0x0000000000009ed4        0x8 zephyr/drivers/gpio/libdrivers__gpio.a(gpio_hogs.c.obj)
 .z_init_POST_KERNEL_P_45_SUB_00011_
                0x0000000000009edc        0x8 zephyr/drivers/regulator/libdrivers__regulator.a(regulator_fixed.c.obj)
 .z_init_POST_KERNEL_P_45_SUB_00014_
                0x0000000000009ee4        0x8 zephyr/drivers/regulator/libdrivers__regulator.a(regulator_fixed.c.obj)
 .z_init_POST_KERNEL_P_45_SUB_00015_
                0x0000000000009eec        0x8 zephyr/drivers/regulator/libdrivers__regulator.a(regulator_fixed.c.obj)
 .z_init_POST_KERNEL_P_45_SUB_00019_